Archive member included to satisfy reference by file (symbol)

/usr/lib/gcc/arm-none-eabi/10.3.1/../../../arm-none-eabi/lib/thumb/v7-m/nofp/libc_nano.a(lib_a-atexit.o)
                              /usr/lib/gcc/arm-none-eabi/10.3.1/../../../arm-none-eabi/lib/thumb/v7-m/nofp/crt0.o (atexit)
/usr/lib/gcc/arm-none-eabi/10.3.1/../../../arm-none-eabi/lib/thumb/v7-m/nofp/libc_nano.a(lib_a-exit.o)
                              /usr/lib/gcc/arm-none-eabi/10.3.1/../../../arm-none-eabi/lib/thumb/v7-m/nofp/crt0.o (exit)
/usr/lib/gcc/arm-none-eabi/10.3.1/../../../arm-none-eabi/lib/thumb/v7-m/nofp/libc_nano.a(lib_a-fini.o)
                              /usr/lib/gcc/arm-none-eabi/10.3.1/../../../arm-none-eabi/lib/thumb/v7-m/nofp/crt0.o (__libc_fini_array)
/usr/lib/gcc/arm-none-eabi/10.3.1/../../../arm-none-eabi/lib/thumb/v7-m/nofp/libc_nano.a(lib_a-impure.o)
                              /usr/lib/gcc/arm-none-eabi/10.3.1/../../../arm-none-eabi/lib/thumb/v7-m/nofp/libc_nano.a(lib_a-exit.o) (_global_impure_ptr)
/usr/lib/gcc/arm-none-eabi/10.3.1/../../../arm-none-eabi/lib/thumb/v7-m/nofp/libc_nano.a(lib_a-init.o)
                              /usr/lib/gcc/arm-none-eabi/10.3.1/../../../arm-none-eabi/lib/thumb/v7-m/nofp/crt0.o (__libc_init_array)
/usr/lib/gcc/arm-none-eabi/10.3.1/../../../arm-none-eabi/lib/thumb/v7-m/nofp/libc_nano.a(lib_a-memset.o)
                              /usr/lib/gcc/arm-none-eabi/10.3.1/../../../arm-none-eabi/lib/thumb/v7-m/nofp/crt0.o (memset)
/usr/lib/gcc/arm-none-eabi/10.3.1/../../../arm-none-eabi/lib/thumb/v7-m/nofp/libc_nano.a(lib_a-puts.o)
                              build/main.o (puts)
/usr/lib/gcc/arm-none-eabi/10.3.1/../../../arm-none-eabi/lib/thumb/v7-m/nofp/libc_nano.a(lib_a-wbuf.o)
                              /usr/lib/gcc/arm-none-eabi/10.3.1/../../../arm-none-eabi/lib/thumb/v7-m/nofp/libc_nano.a(lib_a-puts.o) (__swbuf_r)
/usr/lib/gcc/arm-none-eabi/10.3.1/../../../arm-none-eabi/lib/thumb/v7-m/nofp/libc_nano.a(lib_a-wsetup.o)
                              /usr/lib/gcc/arm-none-eabi/10.3.1/../../../arm-none-eabi/lib/thumb/v7-m/nofp/libc_nano.a(lib_a-puts.o) (__swsetup_r)
/usr/lib/gcc/arm-none-eabi/10.3.1/../../../arm-none-eabi/lib/thumb/v7-m/nofp/libc_nano.a(lib_a-__atexit.o)
                              /usr/lib/gcc/arm-none-eabi/10.3.1/../../../arm-none-eabi/lib/thumb/v7-m/nofp/libc_nano.a(lib_a-atexit.o) (__register_exitproc)
/usr/lib/gcc/arm-none-eabi/10.3.1/../../../arm-none-eabi/lib/thumb/v7-m/nofp/libc_nano.a(lib_a-__call_atexit.o)
                              /usr/lib/gcc/arm-none-eabi/10.3.1/../../../arm-none-eabi/lib/thumb/v7-m/nofp/libc_nano.a(lib_a-__atexit.o) (__call_exitprocs)
/usr/lib/gcc/arm-none-eabi/10.3.1/../../../arm-none-eabi/lib/thumb/v7-m/nofp/libc_nano.a(lib_a-fflush.o)
                              /usr/lib/gcc/arm-none-eabi/10.3.1/../../../arm-none-eabi/lib/thumb/v7-m/nofp/libc_nano.a(lib_a-wbuf.o) (_fflush_r)
/usr/lib/gcc/arm-none-eabi/10.3.1/../../../arm-none-eabi/lib/thumb/v7-m/nofp/libc_nano.a(lib_a-findfp.o)
                              /usr/lib/gcc/arm-none-eabi/10.3.1/../../../arm-none-eabi/lib/thumb/v7-m/nofp/libc_nano.a(lib_a-puts.o) (__sinit)
/usr/lib/gcc/arm-none-eabi/10.3.1/../../../arm-none-eabi/lib/thumb/v7-m/nofp/libc_nano.a(lib_a-fwalk.o)
                              /usr/lib/gcc/arm-none-eabi/10.3.1/../../../arm-none-eabi/lib/thumb/v7-m/nofp/libc_nano.a(lib_a-findfp.o) (_fwalk)
/usr/lib/gcc/arm-none-eabi/10.3.1/../../../arm-none-eabi/lib/thumb/v7-m/nofp/libc_nano.a(lib_a-makebuf.o)
                              /usr/lib/gcc/arm-none-eabi/10.3.1/../../../arm-none-eabi/lib/thumb/v7-m/nofp/libc_nano.a(lib_a-wsetup.o) (__smakebuf_r)
/usr/lib/gcc/arm-none-eabi/10.3.1/../../../arm-none-eabi/lib/thumb/v7-m/nofp/libc_nano.a(lib_a-nano-freer.o)
                              /usr/lib/gcc/arm-none-eabi/10.3.1/../../../arm-none-eabi/lib/thumb/v7-m/nofp/libc_nano.a(lib_a-wsetup.o) (_free_r)
/usr/lib/gcc/arm-none-eabi/10.3.1/../../../arm-none-eabi/lib/thumb/v7-m/nofp/libc_nano.a(lib_a-nano-mallocr.o)
                              /usr/lib/gcc/arm-none-eabi/10.3.1/../../../arm-none-eabi/lib/thumb/v7-m/nofp/libc_nano.a(lib_a-findfp.o) (_malloc_r)
/usr/lib/gcc/arm-none-eabi/10.3.1/../../../arm-none-eabi/lib/thumb/v7-m/nofp/libc_nano.a(lib_a-sbrkr.o)
                              /usr/lib/gcc/arm-none-eabi/10.3.1/../../../arm-none-eabi/lib/thumb/v7-m/nofp/libc_nano.a(lib_a-nano-mallocr.o) (_sbrk_r)
/usr/lib/gcc/arm-none-eabi/10.3.1/../../../arm-none-eabi/lib/thumb/v7-m/nofp/libc_nano.a(lib_a-stdio.o)
                              /usr/lib/gcc/arm-none-eabi/10.3.1/../../../arm-none-eabi/lib/thumb/v7-m/nofp/libc_nano.a(lib_a-findfp.o) (__sread)
/usr/lib/gcc/arm-none-eabi/10.3.1/../../../arm-none-eabi/lib/thumb/v7-m/nofp/libc_nano.a(lib_a-writer.o)
                              /usr/lib/gcc/arm-none-eabi/10.3.1/../../../arm-none-eabi/lib/thumb/v7-m/nofp/libc_nano.a(lib_a-stdio.o) (_write_r)
[...]
Memory Configuration

Name             Origin             Length             Attributes
RAM              0x0000000020000000 0x0000000000010000 xrw
FLASH            0x0000000008000000 0x0000000000080000 xr
*default*        0x0000000000000000 0xffffffffffffffff

Linker script and memory map

LOAD /usr/lib/gcc/arm-none-eabi/10.3.1/thumb/v7-m/nofp/crti.o
LOAD /usr/lib/gcc/arm-none-eabi/10.3.1/thumb/v7-m/nofp/crtbegin.o
LOAD /usr/lib/gcc/arm-none-eabi/10.3.1/../../../arm-none-eabi/lib/thumb/v7-m/nofp/crt0.o
LOAD build/system_stm32f10x.o
LOAD build/main.o
LOAD build/my_inits.o
LOAD build/misc.o
LOAD build/stm32f10x_flash.o
LOAD build/stm32f10x_gpio.o
LOAD build/stm32f10x_i2c.o
LOAD build/stm32f10x_rcc.o
LOAD build/usb_core.o
LOAD build/usb_init.o
LOAD build/usb_int.o
LOAD build/usb_mem.o
LOAD build/usb_regs.o
LOAD build/usb_sil.o
LOAD build/hw_config.o
LOAD build/usb_desc.o
LOAD build/usb_endp.o
LOAD build/usb_istr.o
LOAD build/usb_prop.o
LOAD build/usb_pwr.o
LOAD build/startup_stm32f103xe.o
LOAD /usr/lib/gcc/arm-none-eabi/10.3.1/../../../arm-none-eabi/lib/thumb/v7-m/nofp/libc_nano.a
LOAD /usr/lib/gcc/arm-none-eabi/10.3.1/../../../arm-none-eabi/lib/thumb/v7-m/nofp/libm.a
LOAD /usr/lib/gcc/arm-none-eabi/10.3.1/../../../arm-none-eabi/lib/thumb/v7-m/nofp/libnosys.a
START GROUP
LOAD /usr/lib/gcc/arm-none-eabi/10.3.1/thumb/v7-m/nofp/libgcc.a
LOAD /usr/lib/gcc/arm-none-eabi/10.3.1/../../../arm-none-eabi/lib/thumb/v7-m/nofp/libc_nano.a
END GROUP
START GROUP
LOAD /usr/lib/gcc/arm-none-eabi/10.3.1/thumb/v7-m/nofp/libgcc.a
LOAD /usr/lib/gcc/arm-none-eabi/10.3.1/../../../arm-none-eabi/lib/thumb/v7-m/nofp/libc_nano.a
END GROUP
LOAD /usr/lib/gcc/arm-none-eabi/10.3.1/thumb/v7-m/nofp/crtend.o
LOAD /usr/lib/gcc/arm-none-eabi/10.3.1/thumb/v7-m/nofp/crtn.o
                0x0000000020010000                _estack = (ORIGIN (RAM) + LENGTH (RAM))
                0x0000000000000200                _Min_Heap_Size = 0x200
                0x0000000000000400                _Min_Stack_Size = 0x400

.isr_vector     0x0000000008000000      0x1e4
                0x0000000008000000                . = ALIGN (0x4)
 *(.isr_vector)
 .isr_vector    0x0000000008000000      0x1e4 build/startup_stm32f103xe.o
                0x0000000008000000                g_pfnVectors
                0x00000000080001e4                . = ALIGN (0x4)

.text           0x00000000080001e4     0x2860
                0x00000000080001e4                . = ALIGN (0x4)
 *(.text)
 .text          0x00000000080001e4       0x88 /usr/lib/gcc/arm-none-eabi/10.3.1/thumb/v7-m/nofp/crtbegin.o
 .text          0x000000000800026c       0x48 /usr/lib/gcc/arm-none-eabi/10.3.1/../../../arm-none-eabi/lib/thumb/v7-m/nofp/libc_nano.a(lib_a-init.o)
                0x000000000800026c                __libc_init_array
 .text          0x00000000080002b4       0xa4 /usr/lib/gcc/arm-none-eabi/10.3.1/../../../arm-none-eabi/lib/thumb/v7-m/nofp/libc_nano.a(lib_a-memset.o)
                0x00000000080002b4                memset
 .text          0x0000000008000358       0xe0 /usr/lib/gcc/arm-none-eabi/10.3.1/../../../arm-none-eabi/lib/thumb/v7-m/nofp/libc_nano.a(lib_a-puts.o)
                0x0000000008000358                _puts_r
                0x0000000008000428                puts
 .text          0x0000000008000438       0xc4 /usr/lib/gcc/arm-none-eabi/10.3.1/../../../arm-none-eabi/lib/thumb/v7-m/nofp/libc_nano.a(lib_a-wbuf.o)
                0x0000000008000438                __swbuf_r
                0x00000000080004e8                __swbuf
 .text          0x00000000080004fc      0x104 /usr/lib/gcc/arm-none-eabi/10.3.1/../../../arm-none-eabi/lib/thumb/v7-m/nofp/libc_nano.a(lib_a-wsetup.o)
                0x00000000080004fc                __swsetup_r
 .text          0x0000000008000600      0x1dc /usr/lib/gcc/arm-none-eabi/10.3.1/../../../arm-none-eabi/lib/thumb/v7-m/nofp/libc_nano.a(lib_a-fflush.o)
                0x0000000008000600                __sflush_r
                0x0000000008000708                _fflush_r
                0x000000000800075c                fflush
 .text          0x00000000080007dc      0x230 /usr/lib/gcc/arm-none-eabi/10.3.1/../../../arm-none-eabi/lib/thumb/v7-m/nofp/libc_nano.a(lib_a-findfp.o)
                0x00000000080007e0                _cleanup_r
                0x00000000080007f0                __sfmoreglue
                0x0000000008000820                __sfp
                0x00000000080009b8                _cleanup
                0x00000000080009cc                __sinit
                0x00000000080009d4                __sfp_lock_acquire
                0x00000000080009d8                __sfp_lock_release
                0x00000000080009dc                __sinit_lock_acquire
                0x00000000080009e0                __sinit_lock_release
                0x00000000080009e4                __fp_lock_all
                0x00000000080009f8                __fp_unlock_all
 .text          0x0000000008000a0c       0x88 /usr/lib/gcc/arm-none-eabi/10.3.1/../../../arm-none-eabi/lib/thumb/v7-m/nofp/libc_nano.a(lib_a-fwalk.o)
                0x0000000008000a0c                _fwalk
                0x0000000008000a4c                _fwalk_reent
 .text          0x0000000008000a94      0x11c /usr/lib/gcc/arm-none-eabi/10.3.1/../../../arm-none-eabi/lib/thumb/v7-m/nofp/libc_nano.a(lib_a-makebuf.o)
                0x0000000008000a94                __smakebuf_r
                0x0000000008000b54                __swhatbuf_r
 .text          0x0000000008000bb0       0xcc /usr/lib/gcc/arm-none-eabi/10.3.1/../../../arm-none-eabi/lib/thumb/v7-m/nofp/libc_nano.a(lib_a-nano-freer.o)
                0x0000000008000bb0                _free_r
 .text          0x0000000008000c7c       0xb8 /usr/lib/gcc/arm-none-eabi/10.3.1/../../../arm-none-eabi/lib/thumb/v7-m/nofp/libc_nano.a(lib_a-nano-mallocr.o)
                0x0000000008000c7c                _malloc_r
 .text          0x0000000008000d34       0x24 /usr/lib/gcc/arm-none-eabi/10.3.1/../../../arm-none-eabi/lib/thumb/v7-m/nofp/libc_nano.a(lib_a-sbrkr.o)
                0x0000000008000d34                _sbrk_r
 .text          0x0000000008000d58       0x90 /usr/lib/gcc/arm-none-eabi/10.3.1/../../../arm-none-eabi/lib/thumb/v7-m/nofp/libc_nano.a(lib_a-stdio.o)
                0x0000000008000d58                __sread
                0x0000000008000d7c                __seofread
                0x0000000008000d80                __swrite
                0x0000000008000dc0                __sseek
                0x0000000008000de0                __sclose
 .text          0x0000000008000de8       0x2c /usr/lib/gcc/arm-none-eabi/10.3.1/../../../arm-none-eabi/lib/thumb/v7-m/nofp/libc_nano.a(lib_a-writer.o)
                0x0000000008000de8                _write_r
 .text          0x0000000008000e14       0x24 /usr/lib/gcc/arm-none-eabi/10.3.1/../../../arm-none-eabi/lib/thumb/v7-m/nofp/libc_nano.a(lib_a-closer.o)
                0x0000000008000e14                _close_r
 .text          0x0000000008000e38       0x28 /usr/lib/gcc/arm-none-eabi/10.3.1/../../../arm-none-eabi/lib/thumb/v7-m/nofp/libc_nano.a(lib_a-fstatr.o)
                0x0000000008000e38                _fstat_r
 .text          0x0000000008000e60       0x24 /usr/lib/gcc/arm-none-eabi/10.3.1/../../../arm-none-eabi/lib/thumb/v7-m/nofp/libc_nano.a(lib_a-isattyr.o)
                0x0000000008000e60                _isatty_r
 .text          0x0000000008000e84       0x2c /usr/lib/gcc/arm-none-eabi/10.3.1/../../../arm-none-eabi/lib/thumb/v7-m/nofp/libc_nano.a(lib_a-lseekr.o)
                0x0000000008000e84                _lseek_r
 .text          0x0000000008000eb0        0x8 /usr/lib/gcc/arm-none-eabi/10.3.1/../../../arm-none-eabi/lib/thumb/v7-m/nofp/libc_nano.a(lib_a-mlock.o)
                0x0000000008000eb0                __malloc_lock
                0x0000000008000eb4                __malloc_unlock
 .text          0x0000000008000eb8       0x2c /usr/lib/gcc/arm-none-eabi/10.3.1/../../../arm-none-eabi/lib/thumb/v7-m/nofp/libc_nano.a(lib_a-readr.o)
                0x0000000008000eb8                _read_r
 .text          0x0000000008000ee4       0x10 /usr/lib/gcc/arm-none-eabi/10.3.1/../../../arm-none-eabi/lib/thumb/v7-m/nofp/libnosys.a(close.o)
                0x0000000008000ee4                _close
 .text          0x0000000008000ef4       0x10 /usr/lib/gcc/arm-none-eabi/10.3.1/../../../arm-none-eabi/lib/thumb/v7-m/nofp/libnosys.a(fstat.o)
                0x0000000008000ef4                _fstat
 .text          0x0000000008000f04       0x10 /usr/lib/gcc/arm-none-eabi/10.3.1/../../../arm-none-eabi/lib/thumb/v7-m/nofp/libnosys.a(isatty.o)
                0x0000000008000f04                _isatty
 .text          0x0000000008000f14       0x10 /usr/lib/gcc/arm-none-eabi/10.3.1/../../../arm-none-eabi/lib/thumb/v7-m/nofp/libnosys.a(lseek.o)
                0x0000000008000f14                _lseek
 .text          0x0000000008000f24       0x10 /usr/lib/gcc/arm-none-eabi/10.3.1/../../../arm-none-eabi/lib/thumb/v7-m/nofp/libnosys.a(read.o)
                0x0000000008000f24                _read
 .text          0x0000000008000f34       0x1c /usr/lib/gcc/arm-none-eabi/10.3.1/../../../arm-none-eabi/lib/thumb/v7-m/nofp/libnosys.a(sbrk.o)
                0x0000000008000f34                _sbrk
 *(.text*)
 .text.SetSysClockTo72
                0x0000000008000f50       0xc4 build/system_stm32f10x.o
 .text.SetSysClock
                0x0000000008001014        0x8 build/system_stm32f10x.o
 .text.SystemInit
                0x000000000800101c       0x50 build/system_stm32f10x.o
                0x000000000800101c                SystemInit
 .text._write   0x000000000800106c       0x3e build/main.o
                0x000000000800106c                _write
 *fill*         0x00000000080010aa        0x2 
 .text.main     0x00000000080010ac       0x50 build/main.o
                0x00000000080010ac                main
 .text.init_my_gpio
                0x00000000080010fc       0xa8 build/my_inits.o
                0x00000000080010fc                init_my_gpio
 .text.init_my_clock
                0x00000000080011a4       0x6c build/my_inits.o
                0x00000000080011a4                init_my_clock
 .text.init_usb_clock
                0x0000000008001210       0x14 build/my_inits.o
                0x0000000008001210                init_usb_clock
 .text.NVIC_PriorityGroupConfig
                0x0000000008001224       0x14 build/misc.o
                0x0000000008001224                NVIC_PriorityGroupConfig
 .text.NVIC_Init
                0x0000000008001238       0x64 build/misc.o
                0x0000000008001238                NVIC_Init
 .text.FLASH_SetLatency
                0x000000000800129c       0x14 build/stm32f10x_flash.o
                0x000000000800129c                FLASH_SetLatency
 .text.FLASH_PrefetchBufferCmd
                0x00000000080012b0       0x18 build/stm32f10x_flash.o
                0x00000000080012b0                FLASH_PrefetchBufferCmd
 .text.GPIO_Init
                0x00000000080012c8       0xb2 build/stm32f10x_gpio.o
                0x00000000080012c8                GPIO_Init
 .text.GPIO_SetBits
                0x000000000800137a        0x4 build/stm32f10x_gpio.o
                0x000000000800137a                GPIO_SetBits
 .text.GPIO_ResetBits
                0x000000000800137e        0x4 build/stm32f10x_gpio.o
                0x000000000800137e                GPIO_ResetBits
 *fill*         0x0000000008001382        0x2 
 .text.I2C_Init
                0x0000000008001384       0xdc build/stm32f10x_i2c.o
                0x0000000008001384                I2C_Init
 .text.I2C_StructInit
                0x0000000008001460       0x1c build/stm32f10x_i2c.o
                0x0000000008001460                I2C_StructInit
 .text.I2C_Cmd  0x000000000800147c       0x1c build/stm32f10x_i2c.o
                0x000000000800147c                I2C_Cmd
 .text.RCC_DeInit
                0x0000000008001498       0x40 build/stm32f10x_rcc.o
                0x0000000008001498                RCC_DeInit
 .text.RCC_HSEConfig
                0x00000000080014d8       0x3c build/stm32f10x_rcc.o
                0x00000000080014d8                RCC_HSEConfig
 .text.RCC_PLLConfig
                0x0000000008001514       0x14 build/stm32f10x_rcc.o
                0x0000000008001514                RCC_PLLConfig
 .text.RCC_PLLCmd
                0x0000000008001528        0xc build/stm32f10x_rcc.o
                0x0000000008001528                RCC_PLLCmd
 .text.RCC_SYSCLKConfig
                0x0000000008001534       0x14 build/stm32f10x_rcc.o
                0x0000000008001534                RCC_SYSCLKConfig
 .text.RCC_GetSYSCLKSource
                0x0000000008001548       0x10 build/stm32f10x_rcc.o
                0x0000000008001548                RCC_GetSYSCLKSource
 .text.RCC_HCLKConfig
                0x0000000008001558       0x14 build/stm32f10x_rcc.o
                0x0000000008001558                RCC_HCLKConfig
 .text.RCC_PCLK1Config
                0x000000000800156c       0x14 build/stm32f10x_rcc.o
                0x000000000800156c                RCC_PCLK1Config
 .text.RCC_PCLK2Config
                0x0000000008001580       0x14 build/stm32f10x_rcc.o
                0x0000000008001580                RCC_PCLK2Config
 .text.RCC_USBCLKConfig
                0x0000000008001594        0xc build/stm32f10x_rcc.o
                0x0000000008001594                RCC_USBCLKConfig
 .text.RCC_GetClocksFreq
                0x00000000080015a0       0xbc build/stm32f10x_rcc.o
                0x00000000080015a0                RCC_GetClocksFreq
 .text.RCC_APB2PeriphClockCmd
                0x000000000800165c       0x1c build/stm32f10x_rcc.o
                0x000000000800165c                RCC_APB2PeriphClockCmd
 .text.RCC_APB1PeriphClockCmd
                0x0000000008001678       0x1c build/stm32f10x_rcc.o
                0x0000000008001678                RCC_APB1PeriphClockCmd
 .text.RCC_GetFlagStatus
                0x0000000008001694       0x34 build/stm32f10x_rcc.o
                0x0000000008001694                RCC_GetFlagStatus
 .text.RCC_WaitForHSEStartUp
                0x00000000080016c8       0x30 build/stm32f10x_rcc.o
                0x00000000080016c8                RCC_WaitForHSEStartUp
 .text.Standard_GetConfiguration
                0x00000000080016f8       0x28 build/usb_core.o
                0x00000000080016f8                Standard_GetConfiguration
 .text.Standard_GetInterface
                0x0000000008001720       0x28 build/usb_core.o
                0x0000000008001720                Standard_GetInterface
 .text.Standard_GetStatus
                0x0000000008001748       0xb8 build/usb_core.o
                0x0000000008001748                Standard_GetStatus
 .text.DataStageIn
                0x0000000008001800       0xb0 build/usb_core.o
 .text.Data_Setup0
                0x00000000080018b0      0x204 build/usb_core.o
 .text.DataStageOut
                0x0000000008001ab4       0xac build/usb_core.o
 .text.Standard_SetConfiguration
                0x0000000008001b60       0x40 build/usb_core.o
                0x0000000008001b60                Standard_SetConfiguration
 .text.Standard_SetInterface
                0x0000000008001ba0       0x58 build/usb_core.o
                0x0000000008001ba0                Standard_SetInterface
 .text.Standard_ClearFeature
                0x0000000008001bf8      0x128 build/usb_core.o
                0x0000000008001bf8                Standard_ClearFeature
 .text.Standard_SetEndPointFeature
                0x0000000008001d20       0xc4 build/usb_core.o
                0x0000000008001d20                Standard_SetEndPointFeature
 .text.Standard_SetDeviceFeature
                0x0000000008001de4       0x24 build/usb_core.o
                0x0000000008001de4                Standard_SetDeviceFeature
 .text.NoData_Setup0
                0x0000000008001e08       0xec build/usb_core.o
 .text.Standard_GetDescriptorData
                0x0000000008001ef4       0x1c build/usb_core.o
                0x0000000008001ef4                Standard_GetDescriptorData
 .text.Post0_Process
                0x0000000008001f10       0x44 build/usb_core.o
                0x0000000008001f10                Post0_Process
 .text.Setup0_Process
                0x0000000008001f54       0x80 build/usb_core.o
                0x0000000008001f54                Setup0_Process
 .text.Out0_Process
                0x0000000008001fd4       0x54 build/usb_core.o
                0x0000000008001fd4                Out0_Process
 .text.SetDeviceAddress
                0x0000000008002028       0x50 build/usb_core.o
                0x0000000008002028                SetDeviceAddress
 .text.In0_Process
                0x0000000008002078       0x64 build/usb_core.o
                0x0000000008002078                In0_Process
 .text.NOP_Process
                0x00000000080020dc        0x2 build/usb_core.o
                0x00000000080020dc                NOP_Process
 *fill*         0x00000000080020de        0x2 
 .text.USB_Init
                0x00000000080020e0       0x38 build/usb_init.o
                0x00000000080020e0                USB_Init
 .text.CTR_LP   0x0000000008002118      0x280 build/usb_int.o
                0x0000000008002118                CTR_LP
 .text.CTR_HP   0x0000000008002398       0x94 build/usb_int.o
                0x0000000008002398                CTR_HP
 .text.UserToPMABufferCopy
                0x000000000800242c       0x28 build/usb_mem.o
                0x000000000800242c                UserToPMABufferCopy
 .text.PMAToUserBufferCopy
                0x0000000008002454       0x20 build/usb_mem.o
                0x0000000008002454                PMAToUserBufferCopy
 .text.SetBTABLE
                0x0000000008002474       0x14 build/usb_regs.o
                0x0000000008002474                SetBTABLE
 .text.SetEPType
                0x0000000008002488       0x1e build/usb_regs.o
                0x0000000008002488                SetEPType
 .text.SetEPTxStatus
                0x00000000080024a6       0x38 build/usb_regs.o
                0x00000000080024a6                SetEPTxStatus
 .text.SetEPRxStatus
                0x00000000080024de       0x38 build/usb_regs.o
                0x00000000080024de                SetEPRxStatus
 .text.SetEPRxValid
                0x0000000008002516       0x26 build/usb_regs.o
                0x0000000008002516                SetEPRxValid
 .text.Clear_Status_Out
                0x000000000800253c       0x22 build/usb_regs.o
                0x000000000800253c                Clear_Status_Out
 .text.ClearDTOG_RX
                0x000000000800255e       0x28 build/usb_regs.o
                0x000000000800255e                ClearDTOG_RX
 .text.ClearDTOG_TX
                0x0000000008002586       0x28 build/usb_regs.o
                0x0000000008002586                ClearDTOG_TX
 *fill*         0x00000000080025ae        0x2 
 .text.SetEPTxAddr
                0x00000000080025b0       0x24 build/usb_regs.o
                0x00000000080025b0                SetEPTxAddr
 .text.SetEPRxAddr
                0x00000000080025d4       0x24 build/usb_regs.o
                0x00000000080025d4                SetEPRxAddr
 .text.GetEPTxAddr
                0x00000000080025f8       0x20 build/usb_regs.o
                0x00000000080025f8                GetEPTxAddr
 .text.GetEPRxAddr
                0x0000000008002618       0x20 build/usb_regs.o
                0x0000000008002618                GetEPRxAddr
 .text.SetEPTxCount
                0x0000000008002638       0x20 build/usb_regs.o
                0x0000000008002638                SetEPTxCount
 .text.SetEPRxCount
                0x0000000008002658       0x44 build/usb_regs.o
                0x0000000008002658                SetEPRxCount
 .text.GetEPRxCount
                0x000000000800269c       0x24 build/usb_regs.o
                0x000000000800269c                GetEPRxCount
 .text.ByteSwap
                0x00000000080026c0        0xa build/usb_regs.o
                0x00000000080026c0                ByteSwap
 *fill*         0x00000000080026ca        0x2 
 .text.USB_SIL_Init
                0x00000000080026cc       0x20 build/usb_sil.o
                0x00000000080026cc                USB_SIL_Init
 .text.USB_Interrupts_Config
                0x00000000080026ec       0x44 build/hw_config.o
                0x00000000080026ec                USB_Interrupts_Config
 .text.Device_OUT_Data
                0x0000000008002730       0x44 build/usb_endp.o
                0x0000000008002730                Device_OUT_Data
 .text.EP1_OUT_Callback
                0x0000000008002774        0x8 build/usb_endp.o
                0x0000000008002774                EP1_OUT_Callback
 .text.Device_IN_Data
                0x000000000800277c       0x44 build/usb_endp.o
                0x000000000800277c                Device_IN_Data
 .text.EP2_IN_Callback
                0x00000000080027c0        0x8 build/usb_endp.o
                0x00000000080027c0                EP2_IN_Callback
 .text.USB_HP_CAN1_TX_IRQHandler
                0x00000000080027c8        0x8 build/usb_istr.o
                0x00000000080027c8                USB_HP_CAN1_TX_IRQHandler
 .text.USB_LP_CAN1_RX0_IRQHandler
                0x00000000080027d0       0x54 build/usb_istr.o
                0x00000000080027d0                USB_LP_CAN1_RX0_IRQHandler
 .text.My_Request
                0x0000000008002824       0x18 build/usb_prop.o
                0x0000000008002824                My_Request
 .text.Device_Data_Setup
                0x000000000800283c       0x28 build/usb_prop.o
                0x000000000800283c                Device_Data_Setup
 .text.Device_NoData_Setup
                0x0000000008002864        0x4 build/usb_prop.o
                0x0000000008002864                Device_NoData_Setup
 .text.Device_Get_Interface_Setting
                0x0000000008002868        0xe build/usb_prop.o
                0x0000000008002868                Device_Get_Interface_Setting
 *fill*         0x0000000008002876        0x2 
 .text.Device_SetDeviceAddress
                0x0000000008002878        0xc build/usb_prop.o
                0x0000000008002878                Device_SetDeviceAddress
 .text.Device_init
                0x0000000008002884       0x30 build/usb_prop.o
                0x0000000008002884                Device_init
 .text.Device_Reset
                0x00000000080028b4       0xc0 build/usb_prop.o
                0x00000000080028b4                Device_Reset
 .text.Device_GetDeviceDescriptor
                0x0000000008002974       0x10 build/usb_prop.o
                0x0000000008002974                Device_GetDeviceDescriptor
 .text.Device_GetConfigDescriptor
                0x0000000008002984       0x10 build/usb_prop.o
                0x0000000008002984                Device_GetConfigDescriptor
 .text.Device_GetStringDescriptor
                0x0000000008002994       0x24 build/usb_prop.o
                0x0000000008002994                Device_GetStringDescriptor
 .text.Device_SetConfiguration
                0x00000000080029b8       0x28 build/usb_prop.o
                0x00000000080029b8                Device_SetConfiguration
 .text.Reset_Handler
                0x00000000080029e0       0x48 build/startup_stm32f103xe.o
                0x00000000080029e0                Reset_Handler
 .text.Default_Handler
                0x0000000008002a28        0x2 build/startup_stm32f103xe.o
                0x0000000008002a28                RTC_Alarm_IRQHandler
                0x0000000008002a28                EXTI2_IRQHandler
                0x0000000008002a28                TIM8_TRG_COM_IRQHandler
                0x0000000008002a28                TIM8_CC_IRQHandler
                0x0000000008002a28                DebugMon_Handler
                0x0000000008002a28                TIM1_CC_IRQHandler
                0x0000000008002a28                HardFault_Handler
                0x0000000008002a28                TIM6_IRQHandler
                0x0000000008002a28                SysTick_Handler
                0x0000000008002a28                PVD_IRQHandler
                0x0000000008002a28                SDIO_IRQHandler
                0x0000000008002a28                PendSV_Handler
                0x0000000008002a28                NMI_Handler
                0x0000000008002a28                EXTI3_IRQHandler
                0x0000000008002a28                EXTI0_IRQHandler
                0x0000000008002a28                I2C2_EV_IRQHandler
                0x0000000008002a28                UsageFault_Handler
                0x0000000008002a28                ADC1_2_IRQHandler
                0x0000000008002a28                SPI1_IRQHandler
                0x0000000008002a28                TAMPER_IRQHandler
                0x0000000008002a28                TIM8_UP_IRQHandler
                0x0000000008002a28                DMA2_Channel2_IRQHandler
                0x0000000008002a28                DMA1_Channel4_IRQHandler
                0x0000000008002a28                USART3_IRQHandler
                0x0000000008002a28                RTC_IRQHandler
                0x0000000008002a28                DMA1_Channel7_IRQHandler
                0x0000000008002a28                CAN1_RX1_IRQHandler
                0x0000000008002a28                UART5_IRQHandler
                0x0000000008002a28                ADC3_IRQHandler
                0x0000000008002a28                TIM4_IRQHandler
                0x0000000008002a28                DMA2_Channel1_IRQHandler
                0x0000000008002a28                I2C1_EV_IRQHandler
                0x0000000008002a28                DMA1_Channel6_IRQHandler
                0x0000000008002a28                UART4_IRQHandler
                0x0000000008002a28                TIM3_IRQHandler
                0x0000000008002a28                RCC_IRQHandler
                0x0000000008002a28                TIM1_TRG_COM_IRQHandler
                0x0000000008002a28                DMA1_Channel1_IRQHandler
                0x0000000008002a28                Default_Handler
                0x0000000008002a28                EXTI15_10_IRQHandler
                0x0000000008002a28                TIM7_IRQHandler
                0x0000000008002a28                TIM5_IRQHandler
                0x0000000008002a28                EXTI9_5_IRQHandler
                0x0000000008002a28                SPI2_IRQHandler
                0x0000000008002a28                MemManage_Handler
                0x0000000008002a28                SVC_Handler
                0x0000000008002a28                DMA1_Channel5_IRQHandler
                0x0000000008002a28                EXTI4_IRQHandler
                0x0000000008002a28                DMA1_Channel3_IRQHandler
                0x0000000008002a28                FSMC_IRQHandler
                0x0000000008002a28                TIM1_UP_IRQHandler
                0x0000000008002a28                WWDG_IRQHandler
                0x0000000008002a28                TIM2_IRQHandler
                0x0000000008002a28                TIM1_BRK_IRQHandler
                0x0000000008002a28                EXTI1_IRQHandler
                0x0000000008002a28                DMA2_Channel4_5_IRQHandler
                0x0000000008002a28                USART2_IRQHandler
                0x0000000008002a28                I2C2_ER_IRQHandler
                0x0000000008002a28                DMA1_Channel2_IRQHandler
                0x0000000008002a28                TIM8_BRK_IRQHandler
                0x0000000008002a28                CAN1_SCE_IRQHandler
                0x0000000008002a28                FLASH_IRQHandler
                0x0000000008002a28                BusFault_Handler
                0x0000000008002a28                USART1_IRQHandler
                0x0000000008002a28                SPI3_IRQHandler
                0x0000000008002a28                I2C1_ER_IRQHandler
                0x0000000008002a28                USBWakeUp_IRQHandler
                0x0000000008002a28                DMA2_Channel3_IRQHandler
 *(.glue_7)
 .glue_7        0x0000000008002a2a        0x0 linker stubs
 *(.glue_7t)
 .glue_7t       0x0000000008002a2a        0x0 linker stubs
 *(.eh_frame)
 *fill*         0x0000000008002a2a        0x2 
 .eh_frame      0x0000000008002a2c        0x0 /usr/lib/gcc/arm-none-eabi/10.3.1/thumb/v7-m/nofp/crtbegin.o
 *(.init)
 .init          0x0000000008002a2c        0x4 /usr/lib/gcc/arm-none-eabi/10.3.1/thumb/v7-m/nofp/crti.o
                0x0000000008002a2c                _init
 .init          0x0000000008002a30        0x8 /usr/lib/gcc/arm-none-eabi/10.3.1/thumb/v7-m/nofp/crtn.o
 *(.fini)
 .fini          0x0000000008002a38        0x4 /usr/lib/gcc/arm-none-eabi/10.3.1/thumb/v7-m/nofp/crti.o
                0x0000000008002a38                _fini
 .fini          0x0000000008002a3c        0x8 /usr/lib/gcc/arm-none-eabi/10.3.1/thumb/v7-m/nofp/crtn.o
                0x0000000008002a44                . = ALIGN (0x4)
                0x0000000008002a44                _etext = .

.vfp11_veneer   0x0000000008002a44        0x0
 .vfp11_veneer  0x0000000008002a44        0x0 linker stubs

.v4_bx          0x0000000008002a44        0x0
 .v4_bx         0x0000000008002a44        0x0 linker stubs

.iplt           0x0000000008002a44        0x0
 .iplt          0x0000000008002a44        0x0 /usr/lib/gcc/arm-none-eabi/10.3.1/thumb/v7-m/nofp/crtbegin.o

.rodata         0x0000000008002a44       0xe4
                0x0000000008002a44                . = ALIGN (0x4)
 *(.rodata)
 .rodata        0x0000000008002a44        0x4 /usr/lib/gcc/arm-none-eabi/10.3.1/../../../arm-none-eabi/lib/thumb/v7-m/nofp/libc_nano.a(lib_a-impure.o)
                0x0000000008002a44                _global_impure_ptr
 .rodata        0x0000000008002a48       0x60 /usr/lib/gcc/arm-none-eabi/10.3.1/../../../arm-none-eabi/lib/thumb/v7-m/nofp/libc_nano.a(lib_a-findfp.o)
                0x0000000008002a48                __sf_fake_stderr
                0x0000000008002a68                __sf_fake_stdout
                0x0000000008002a88                __sf_fake_stdin
 *(.rodata*)
 .rodata.main.str1.4
                0x0000000008002aa8        0x5 build/main.o
 *fill*         0x0000000008002aad        0x3 
 .rodata.USB_ConfigDescriptor
                0x0000000008002ab0       0x20 build/usb_desc.o
                0x0000000008002ab0                USB_ConfigDescriptor
 .rodata.USB_DeviceDescriptor
                0x0000000008002ad0       0x12 build/usb_desc.o
                0x0000000008002ad0                USB_DeviceDescriptor
 *fill*         0x0000000008002ae2        0x2 
 .rodata.USB_StringLangID
                0x0000000008002ae4        0x4 build/usb_desc.o
                0x0000000008002ae4                USB_StringLangID
 .rodata.USB_StringProduct
                0x0000000008002ae8       0x10 build/usb_desc.o
                0x0000000008002ae8                USB_StringProduct
 .rodata.USB_StringVendor
                0x0000000008002af8       0x12 build/usb_desc.o
                0x0000000008002af8                USB_StringVendor
 *fill*         0x0000000008002b0a        0x2 
 .rodata.Device_OUT_Data.str1.4
                0x0000000008002b0c        0xd build/usb_endp.o
 *fill*         0x0000000008002b19        0x3 
 .rodata.Device_IN_Data.str1.4
                0x0000000008002b1c        0xc build/usb_endp.o
                0x0000000008002b28                . = ALIGN (0x4)

.rel.dyn        0x0000000008002b28        0x0
 .rel.iplt      0x0000000008002b28        0x0 /usr/lib/gcc/arm-none-eabi/10.3.1/thumb/v7-m/nofp/crtbegin.o

.ARM.extab      0x0000000008002b28        0x0
                0x0000000008002b28                . = ALIGN (0x4)
 *(.ARM.extab* .gnu.linkonce.armextab.*)
                0x0000000008002b28                . = ALIGN (0x4)

.ARM            0x0000000008002b28        0x0
                0x0000000008002b28                . = ALIGN (0x4)
                0x0000000008002b28                __exidx_start = .
 *(.ARM.exidx*)
                0x0000000008002b28                __exidx_end = .
                0x0000000008002b28                . = ALIGN (0x4)

.preinit_array  0x0000000008002b28        0x0
                0x0000000008002b28                . = ALIGN (0x4)
                0x0000000008002b28                PROVIDE (__preinit_array_start = .)
 *(.preinit_array*)
                0x0000000008002b28                PROVIDE (__preinit_array_end = .)
                0x0000000008002b28                . = ALIGN (0x4)

.init_array     0x0000000008002b28        0x4
                0x0000000008002b28                . = ALIGN (0x4)
                0x0000000008002b28                PROVIDE (__init_array_start = .)
 *(SORT_BY_NAME(.init_array.*))
 *(.init_array*)
 .init_array    0x0000000008002b28        0x4 /usr/lib/gcc/arm-none-eabi/10.3.1/thumb/v7-m/nofp/crtbegin.o
                0x0000000008002b2c                PROVIDE (__init_array_end = .)
                0x0000000008002b2c                . = ALIGN (0x4)

.fini_array     0x0000000008002b2c        0x4
                0x0000000008002b2c                . = ALIGN (0x4)
                0x0000000008002b2c                PROVIDE (__fini_array_start = .)
 *(SORT_BY_NAME(.fini_array.*))
 *(.fini_array*)
 .fini_array    0x0000000008002b2c        0x4 /usr/lib/gcc/arm-none-eabi/10.3.1/thumb/v7-m/nofp/crtbegin.o
                0x0000000008002b30                PROVIDE (__fini_array_end = .)
                0x0000000008002b30                . = ALIGN (0x4)
                0x0000000008002b30                _sidata = LOADADDR (.data)

.data           0x0000000020000000      0x1c8 load address 0x0000000008002b30
                0x0000000020000000                . = ALIGN (0x4)
                0x0000000020000000                _sdata = .
 *(.data)
 .data          0x0000000020000000       0x64 /usr/lib/gcc/arm-none-eabi/10.3.1/../../../arm-none-eabi/lib/thumb/v7-m/nofp/libc_nano.a(lib_a-impure.o)
                0x0000000020000000                _impure_ptr
 *(.data*)
 .data.str      0x0000000020000064       0x40 build/main.o
                0x0000000020000064                str
 .data.ADCPrescTable
                0x00000000200000a4        0x4 build/stm32f10x_rcc.o
 .data.APBAHBPrescTable
                0x00000000200000a8       0x10 build/stm32f10x_rcc.o
 .data.Config_Descriptor
                0x00000000200000b8        0x8 build/usb_desc.o
                0x00000000200000b8                Config_Descriptor
 .data.Device_Descriptor
                0x00000000200000c0        0x8 build/usb_desc.o
                0x00000000200000c0                Device_Descriptor
 .data.String_Descriptor
                0x00000000200000c8       0x20 build/usb_desc.o
                0x00000000200000c8                String_Descriptor
 .data.USB_StringSerial
                0x00000000200000e8       0x10 build/usb_desc.o
                0x00000000200000e8                USB_StringSerial
 .data.str1     0x00000000200000f8       0x40 build/usb_endp.o
                0x00000000200000f8                str1
 .data.pEpInt_IN
                0x0000000020000138       0x1c build/usb_istr.o
                0x0000000020000138                pEpInt_IN
 .data.pEpInt_OUT
                0x0000000020000154       0x1c build/usb_istr.o
                0x0000000020000154                pEpInt_OUT
 .data.Device_Property
                0x0000000020000170       0x30 build/usb_prop.o
                0x0000000020000170                Device_Property
 .data.Device_Table
                0x00000000200001a0        0x2 build/usb_prop.o
                0x00000000200001a0                Device_Table
 *fill*         0x00000000200001a2        0x2 
 .data.User_Standard_Requests
                0x00000000200001a4       0x24 build/usb_prop.o
                0x00000000200001a4                User_Standard_Requests
                0x00000000200001c8                . = ALIGN (0x4)
                0x00000000200001c8                _edata = .

.tm_clone_table
                0x00000000200001c8        0x0 load address 0x0000000008002cf8
 .tm_clone_table
                0x00000000200001c8        0x0 /usr/lib/gcc/arm-none-eabi/10.3.1/thumb/v7-m/nofp/crtbegin.o
 .tm_clone_table
                0x00000000200001c8        0x0 /usr/lib/gcc/arm-none-eabi/10.3.1/thumb/v7-m/nofp/crtend.o

.igot.plt       0x00000000200001c8        0x0 load address 0x0000000008002cf8
 .igot.plt      0x00000000200001c8        0x0 /usr/lib/gcc/arm-none-eabi/10.3.1/thumb/v7-m/nofp/crtbegin.o
                0x00000000200001c8                . = ALIGN (0x4)

.bss            0x00000000200001c8       0xb8 load address 0x0000000008002cf8
                0x00000000200001c8                _sbss = .
                0x00000000200001c8                __bss_start__ = _sbss
 *(.bss)
 .bss           0x00000000200001c8       0x1c /usr/lib/gcc/arm-none-eabi/10.3.1/thumb/v7-m/nofp/crtbegin.o
 .bss           0x00000000200001e4        0x8 /usr/lib/gcc/arm-none-eabi/10.3.1/../../../arm-none-eabi/lib/thumb/v7-m/nofp/libc_nano.a(lib_a-nano-mallocr.o)
                0x00000000200001e4                __malloc_free_list
                0x00000000200001e8                __malloc_sbrk_start
 .bss           0x00000000200001ec        0x4 /usr/lib/gcc/arm-none-eabi/10.3.1/../../../arm-none-eabi/lib/thumb/v7-m/nofp/libc_nano.a(lib_a-reent.o)
                0x00000000200001ec                errno
 .bss           0x00000000200001f0        0x4 /usr/lib/gcc/arm-none-eabi/10.3.1/../../../arm-none-eabi/lib/thumb/v7-m/nofp/libnosys.a(sbrk.o)
 *(.bss*)
 .bss.bulk_buffer
                0x00000000200001f4       0x40 build/main.o
                0x00000000200001f4                bulk_buffer
 .bss.HSEStartUpStatus
                0x0000000020000234        0x1 build/my_inits.o
                0x0000000020000234                HSEStartUpStatus
 .bss.Data_Mul_MaxPacketSize
                0x0000000020000235        0x1 build/usb_core.o
                0x0000000020000235                Data_Mul_MaxPacketSize
 *fill*         0x0000000020000236        0x2 
 .bss.StatusInfo
                0x0000000020000238        0x2 build/usb_core.o
                0x0000000020000238                StatusInfo
 *fill*         0x000000002000023a        0x2 
 .bss.Device_Info
                0x000000002000023c       0x1c build/usb_init.o
                0x000000002000023c                Device_Info
 .bss.EPindex   0x0000000020000258        0x1 build/usb_init.o
                0x0000000020000258                EPindex
 *fill*         0x0000000020000259        0x3 
 .bss.pInformation
                0x000000002000025c        0x4 build/usb_init.o
                0x000000002000025c                pInformation
 .bss.pProperty
                0x0000000020000260        0x4 build/usb_init.o
                0x0000000020000260                pProperty
 .bss.pUser_Standard_Requests
                0x0000000020000264        0x4 build/usb_init.o
                0x0000000020000264                pUser_Standard_Requests
 .bss.wInterrupt_Mask
                0x0000000020000268        0x2 build/usb_init.o
                0x0000000020000268                wInterrupt_Mask
 .bss.SaveRState
                0x000000002000026a        0x2 build/usb_int.o
                0x000000002000026a                SaveRState
 .bss.SaveTState
                0x000000002000026c        0x2 build/usb_int.o
                0x000000002000026c                SaveTState
 .bss.wIstr     0x000000002000026e        0x2 build/usb_istr.o
                0x000000002000026e                wIstr
 .bss.chipcmd   0x0000000020000270        0xa build/usb_prop.o
                0x0000000020000270                chipcmd
 *fill*         0x000000002000027a        0x2 
 .bss.bDeviceState
                0x000000002000027c        0x4 build/usb_pwr.o
                0x000000002000027c                bDeviceState
 *(COMMON)
                0x0000000020000280                . = ALIGN (0x4)
                0x0000000020000280                _ebss = .
                0x0000000020000280                __bss_end__ = _ebss

._user_heap_stack
                0x0000000020000280      0x600 load address 0x0000000008002cf8
                0x0000000020000280                . = ALIGN (0x8)
                0x0000000020000280                PROVIDE (end = .)
                [!provide]                        PROVIDE (_end = .)
                0x0000000020000480                . = (. + _Min_Heap_Size)
 *fill*         0x0000000020000280      0x200 
                0x0000000020000880                . = (. + _Min_Stack_Size)
 *fill*         0x0000000020000480      0x400 
                0x0000000020000880                . = ALIGN (0x8)

/DISCARD/
 libc.a(*)
 libm.a(*)
 libgcc.a(*)

.ARM.attributes
                0x0000000000000000       0x29
 *(.ARM.attributes)
 .ARM.attributes
                0x0000000000000000       0x1d /usr/lib/gcc/arm-none-eabi/10.3.1/thumb/v7-m/nofp/crti.o
 .ARM.attributes
                0x000000000000001d       0x2d /usr/lib/gcc/arm-none-eabi/10.3.1/thumb/v7-m/nofp/crtbegin.o
 .ARM.attributes
                0x000000000000004a       0x2d build/system_stm32f10x.o
 .ARM.attributes
                0x0000000000000077       0x2d build/main.o
 .ARM.attributes
                0x00000000000000a4       0x2d build/my_inits.o
 .ARM.attributes
                0x00000000000000d1       0x2d build/misc.o
 .ARM.attributes
                0x00000000000000fe       0x2d build/stm32f10x_flash.o
 .ARM.attributes
                0x000000000000012b       0x2d build/stm32f10x_gpio.o
 .ARM.attributes
                0x0000000000000158       0x2d build/stm32f10x_i2c.o
 .ARM.attributes
                0x0000000000000185       0x2d build/stm32f10x_rcc.o
 .ARM.attributes
                0x00000000000001b2       0x2d build/usb_core.o
 .ARM.attributes
                0x00000000000001df       0x2d build/usb_init.o
 .ARM.attributes
                0x000000000000020c       0x2d build/usb_int.o
 .ARM.attributes
                0x0000000000000239       0x2d build/usb_mem.o
 .ARM.attributes
                0x0000000000000266       0x2d build/usb_regs.o
 .ARM.attributes
                0x0000000000000293       0x2d build/usb_sil.o
 .ARM.attributes
                0x00000000000002c0       0x2d build/hw_config.o
 .ARM.attributes
                0x00000000000002ed       0x33 build/usb_desc.o
 .ARM.attributes
                0x0000000000000320       0x2d build/usb_endp.o
 .ARM.attributes
                0x000000000000034d       0x2d build/usb_istr.o
 .ARM.attributes
                0x000000000000037a       0x2d build/usb_prop.o
 .ARM.attributes
                0x00000000000003a7       0x33 build/usb_pwr.o
 .ARM.attributes
                0x00000000000003da       0x21 build/startup_stm32f103xe.o
 .ARM.attributes
                0x00000000000003fb       0x2d /usr/lib/gcc/arm-none-eabi/10.3.1/../../../arm-none-eabi/lib/thumb/v7-m/nofp/libc_nano.a(lib_a-impure.o)
 .ARM.attributes
                0x0000000000000428       0x2d /usr/lib/gcc/arm-none-eabi/10.3.1/../../../arm-none-eabi/lib/thumb/v7-m/nofp/libc_nano.a(lib_a-init.o)
 .ARM.attributes
                0x0000000000000455       0x2d /usr/lib/gcc/arm-none-eabi/10.3.1/../../../arm-none-eabi/lib/thumb/v7-m/nofp/libc_nano.a(lib_a-memset.o)
 .ARM.attributes
                0x0000000000000482       0x2d /usr/lib/gcc/arm-none-eabi/10.3.1/../../../arm-none-eabi/lib/thumb/v7-m/nofp/libc_nano.a(lib_a-puts.o)
 .ARM.attributes
                0x00000000000004af       0x2d /usr/lib/gcc/arm-none-eabi/10.3.1/../../../arm-none-eabi/lib/thumb/v7-m/nofp/libc_nano.a(lib_a-wbuf.o)
 .ARM.attributes
                0x00000000000004dc       0x2d /usr/lib/gcc/arm-none-eabi/10.3.1/../../../arm-none-eabi/lib/thumb/v7-m/nofp/libc_nano.a(lib_a-wsetup.o)
 .ARM.attributes
                0x0000000000000509       0x2d /usr/lib/gcc/arm-none-eabi/10.3.1/../../../arm-none-eabi/lib/thumb/v7-m/nofp/libc_nano.a(lib_a-fflush.o)
 .ARM.attributes
                0x0000000000000536       0x2d /usr/lib/gcc/arm-none-eabi/10.3.1/../../../arm-none-eabi/lib/thumb/v7-m/nofp/libc_nano.a(lib_a-findfp.o)
 .ARM.attributes
                0x0000000000000563       0x2d /usr/lib/gcc/arm-none-eabi/10.3.1/../../../arm-none-eabi/lib/thumb/v7-m/nofp/libc_nano.a(lib_a-fwalk.o)
 .ARM.attributes
                0x0000000000000590       0x2d /usr/lib/gcc/arm-none-eabi/10.3.1/../../../arm-none-eabi/lib/thumb/v7-m/nofp/libc_nano.a(lib_a-makebuf.o)
 .ARM.attributes
                0x00000000000005bd       0x2d /usr/lib/gcc/arm-none-eabi/10.3.1/../../../arm-none-eabi/lib/thumb/v7-m/nofp/libc_nano.a(lib_a-nano-freer.o)
 .ARM.attributes
                0x00000000000005ea       0x2d /usr/lib/gcc/arm-none-eabi/10.3.1/../../../arm-none-eabi/lib/thumb/v7-m/nofp/libc_nano.a(lib_a-nano-mallocr.o)
 .ARM.attributes
                0x0000000000000617       0x2d /usr/lib/gcc/arm-none-eabi/10.3.1/../../../arm-none-eabi/lib/thumb/v7-m/nofp/libc_nano.a(lib_a-sbrkr.o)
 .ARM.attributes
                0x0000000000000644       0x2d /usr/lib/gcc/arm-none-eabi/10.3.1/../../../arm-none-eabi/lib/thumb/v7-m/nofp/libc_nano.a(lib_a-stdio.o)
 .ARM.attributes
                0x0000000000000671       0x2d /usr/lib/gcc/arm-none-eabi/10.3.1/../../../arm-none-eabi/lib/thumb/v7-m/nofp/libc_nano.a(lib_a-writer.o)
 .ARM.attributes
                0x000000000000069e       0x2d /usr/lib/gcc/arm-none-eabi/10.3.1/../../../arm-none-eabi/lib/thumb/v7-m/nofp/libc_nano.a(lib_a-closer.o)
 .ARM.attributes
                0x00000000000006cb       0x2d /usr/lib/gcc/arm-none-eabi/10.3.1/../../../arm-none-eabi/lib/thumb/v7-m/nofp/libc_nano.a(lib_a-fstatr.o)
 .ARM.attributes
                0x00000000000006f8       0x2d /usr/lib/gcc/arm-none-eabi/10.3.1/../../../arm-none-eabi/lib/thumb/v7-m/nofp/libc_nano.a(lib_a-isattyr.o)
 .ARM.attributes
                0x0000000000000725       0x2d /usr/lib/gcc/arm-none-eabi/10.3.1/../../../arm-none-eabi/lib/thumb/v7-m/nofp/libc_nano.a(lib_a-lseekr.o)
 .ARM.attributes
                0x0000000000000752       0x2d /usr/lib/gcc/arm-none-eabi/10.3.1/../../../arm-none-eabi/lib/thumb/v7-m/nofp/libc_nano.a(lib_a-mlock.o)
 .ARM.attributes
                0x000000000000077f       0x2d /usr/lib/gcc/arm-none-eabi/10.3.1/../../../arm-none-eabi/lib/thumb/v7-m/nofp/libc_nano.a(lib_a-readr.o)
 .ARM.attributes
                0x00000000000007ac       0x2d /usr/lib/gcc/arm-none-eabi/10.3.1/../../../arm-none-eabi/lib/thumb/v7-m/nofp/libc_nano.a(lib_a-reent.o)
 .ARM.attributes
                0x00000000000007d9       0x2d /usr/lib/gcc/arm-none-eabi/10.3.1/../../../arm-none-eabi/lib/thumb/v7-m/nofp/libnosys.a(close.o)
 .ARM.attributes
                0x0000000000000806       0x2d /usr/lib/gcc/arm-none-eabi/10.3.1/../../../arm-none-eabi/lib/thumb/v7-m/nofp/libnosys.a(fstat.o)
 .ARM.attributes
                0x0000000000000833       0x2d /usr/lib/gcc/arm-none-eabi/10.3.1/../../../arm-none-eabi/lib/thumb/v7-m/nofp/libnosys.a(isatty.o)
 .ARM.attributes
                0x0000000000000860       0x2d /usr/lib/gcc/arm-none-eabi/10.3.1/../../../arm-none-eabi/lib/thumb/v7-m/nofp/libnosys.a(lseek.o)
 .ARM.attributes
                0x000000000000088d       0x2d /usr/lib/gcc/arm-none-eabi/10.3.1/../../../arm-none-eabi/lib/thumb/v7-m/nofp/libnosys.a(read.o)
 .ARM.attributes
                0x00000000000008ba       0x2d /usr/lib/gcc/arm-none-eabi/10.3.1/../../../arm-none-eabi/lib/thumb/v7-m/nofp/libnosys.a(sbrk.o)
 .ARM.attributes
                0x00000000000008e7       0x2d /usr/lib/gcc/arm-none-eabi/10.3.1/thumb/v7-m/nofp/crtend.o
 .ARM.attributes
                0x0000000000000914       0x1d /usr/lib/gcc/arm-none-eabi/10.3.1/thumb/v7-m/nofp/crtn.o
OUTPUT(build/usb.elf elf32-littlearm)
LOAD linker stubs
LOAD /usr/lib/gcc/arm-none-eabi/10.3.1/../../../arm-none-eabi/lib/thumb/v7-m/nofp/libc.a
LOAD /usr/lib/gcc/arm-none-eabi/10.3.1/../../../arm-none-eabi/lib/thumb/v7-m/nofp/libm.a
LOAD /usr/lib/gcc/arm-none-eabi/10.3.1/thumb/v7-m/nofp/libgcc.a

.comment        0x0000000000000000       0x33
 .comment       0x0000000000000000       0x33 /usr/lib/gcc/arm-none-eabi/10.3.1/thumb/v7-m/nofp/crtbegin.o
                                         0x34 (size before relaxing)
 .comment       0x0000000000000033       0x34 build/system_stm32f10x.o
 .comment       0x0000000000000033       0x34 build/main.o
 .comment       0x0000000000000033       0x34 build/my_inits.o
 .comment       0x0000000000000033       0x34 build/misc.o
 .comment       0x0000000000000033       0x34 build/stm32f10x_flash.o
 .comment       0x0000000000000033       0x34 build/stm32f10x_gpio.o
 .comment       0x0000000000000033       0x34 build/stm32f10x_i2c.o
 .comment       0x0000000000000033       0x34 build/stm32f10x_rcc.o
 .comment       0x0000000000000033       0x34 build/usb_core.o
 .comment       0x0000000000000033       0x34 build/usb_init.o
 .comment       0x0000000000000033       0x34 build/usb_int.o
 .comment       0x0000000000000033       0x34 build/usb_mem.o
 .comment       0x0000000000000033       0x34 build/usb_regs.o
 .comment       0x0000000000000033       0x34 build/usb_sil.o
 .comment       0x0000000000000033       0x34 build/hw_config.o
 .comment       0x0000000000000033       0x34 build/usb_desc.o
 .comment       0x0000000000000033       0x34 build/usb_endp.o
 .comment       0x0000000000000033       0x34 build/usb_istr.o
 .comment       0x0000000000000033       0x34 build/usb_prop.o
 .comment       0x0000000000000033       0x34 build/usb_pwr.o
 .comment       0x0000000000000033       0x34 /usr/lib/gcc/arm-none-eabi/10.3.1/../../../arm-none-eabi/lib/thumb/v7-m/nofp/libc_nano.a(lib_a-impure.o)
 .comment       0x0000000000000033       0x34 /usr/lib/gcc/arm-none-eabi/10.3.1/../../../arm-none-eabi/lib/thumb/v7-m/nofp/libc_nano.a(lib_a-init.o)
 .comment       0x0000000000000033       0x34 /usr/lib/gcc/arm-none-eabi/10.3.1/../../../arm-none-eabi/lib/thumb/v7-m/nofp/libc_nano.a(lib_a-memset.o)
 .comment       0x0000000000000033       0x34 /usr/lib/gcc/arm-none-eabi/10.3.1/../../../arm-none-eabi/lib/thumb/v7-m/nofp/libc_nano.a(lib_a-puts.o)
 .comment       0x0000000000000033       0x34 /usr/lib/gcc/arm-none-eabi/10.3.1/../../../arm-none-eabi/lib/thumb/v7-m/nofp/libc_nano.a(lib_a-wbuf.o)
 .comment       0x0000000000000033       0x34 /usr/lib/gcc/arm-none-eabi/10.3.1/../../../arm-none-eabi/lib/thumb/v7-m/nofp/libc_nano.a(lib_a-wsetup.o)
 .comment       0x0000000000000033       0x34 /usr/lib/gcc/arm-none-eabi/10.3.1/../../../arm-none-eabi/lib/thumb/v7-m/nofp/libc_nano.a(lib_a-fflush.o)
 .comment       0x0000000000000033       0x34 /usr/lib/gcc/arm-none-eabi/10.3.1/../../../arm-none-eabi/lib/thumb/v7-m/nofp/libc_nano.a(lib_a-findfp.o)
 .comment       0x0000000000000033       0x34 /usr/lib/gcc/arm-none-eabi/10.3.1/../../../arm-none-eabi/lib/thumb/v7-m/nofp/libc_nano.a(lib_a-fwalk.o)
 .comment       0x0000000000000033       0x34 /usr/lib/gcc/arm-none-eabi/10.3.1/../../../arm-none-eabi/lib/thumb/v7-m/nofp/libc_nano.a(lib_a-makebuf.o)
 .comment       0x0000000000000033       0x34 /usr/lib/gcc/arm-none-eabi/10.3.1/../../../arm-none-eabi/lib/thumb/v7-m/nofp/libc_nano.a(lib_a-nano-freer.o)
 .comment       0x0000000000000033       0x34 /usr/lib/gcc/arm-none-eabi/10.3.1/../../../arm-none-eabi/lib/thumb/v7-m/nofp/libc_nano.a(lib_a-nano-mallocr.o)
 .comment       0x0000000000000033       0x34 /usr/lib/gcc/arm-none-eabi/10.3.1/../../../arm-none-eabi/lib/thumb/v7-m/nofp/libc_nano.a(lib_a-sbrkr.o)
 .comment       0x0000000000000033       0x34 /usr/lib/gcc/arm-none-eabi/10.3.1/../../../arm-none-eabi/lib/thumb/v7-m/nofp/libc_nano.a(lib_a-stdio.o)
 .comment       0x0000000000000033       0x34 /usr/lib/gcc/arm-none-eabi/10.3.1/../../../arm-none-eabi/lib/thumb/v7-m/nofp/libc_nano.a(lib_a-writer.o)
 .comment       0x0000000000000033       0x34 /usr/lib/gcc/arm-none-eabi/10.3.1/../../../arm-none-eabi/lib/thumb/v7-m/nofp/libc_nano.a(lib_a-closer.o)
 .comment       0x0000000000000033       0x34 /usr/lib/gcc/arm-none-eabi/10.3.1/../../../arm-none-eabi/lib/thumb/v7-m/nofp/libc_nano.a(lib_a-fstatr.o)
 .comment       0x0000000000000033       0x34 /usr/lib/gcc/arm-none-eabi/10.3.1/../../../arm-none-eabi/lib/thumb/v7-m/nofp/libc_nano.a(lib_a-isattyr.o)
 .comment       0x0000000000000033       0x34 /usr/lib/gcc/arm-none-eabi/10.3.1/../../../arm-none-eabi/lib/thumb/v7-m/nofp/libc_nano.a(lib_a-lseekr.o)
 .comment       0x0000000000000033       0x34 /usr/lib/gcc/arm-none-eabi/10.3.1/../../../arm-none-eabi/lib/thumb/v7-m/nofp/libc_nano.a(lib_a-mlock.o)
 .comment       0x0000000000000033       0x34 /usr/lib/gcc/arm-none-eabi/10.3.1/../../../arm-none-eabi/lib/thumb/v7-m/nofp/libc_nano.a(lib_a-readr.o)
 .comment       0x0000000000000033       0x34 /usr/lib/gcc/arm-none-eabi/10.3.1/../../../arm-none-eabi/lib/thumb/v7-m/nofp/libc_nano.a(lib_a-reent.o)
 .comment       0x0000000000000033       0x34 /usr/lib/gcc/arm-none-eabi/10.3.1/../../../arm-none-eabi/lib/thumb/v7-m/nofp/libnosys.a(close.o)
 .comment       0x0000000000000033       0x34 /usr/lib/gcc/arm-none-eabi/10.3.1/../../../arm-none-eabi/lib/thumb/v7-m/nofp/libnosys.a(fstat.o)
 .comment       0x0000000000000033       0x34 /usr/lib/gcc/arm-none-eabi/10.3.1/../../../arm-none-eabi/lib/thumb/v7-m/nofp/libnosys.a(isatty.o)
 .comment       0x0000000000000033       0x34 /usr/lib/gcc/arm-none-eabi/10.3.1/../../../arm-none-eabi/lib/thumb/v7-m/nofp/libnosys.a(lseek.o)
 .comment       0x0000000000000033       0x34 /usr/lib/gcc/arm-none-eabi/10.3.1/../../../arm-none-eabi/lib/thumb/v7-m/nofp/libnosys.a(read.o)
 .comment       0x0000000000000033       0x34 /usr/lib/gcc/arm-none-eabi/10.3.1/../../../arm-none-eabi/lib/thumb/v7-m/nofp/libnosys.a(sbrk.o)
 .comment       0x0000000000000033       0x34 /usr/lib/gcc/arm-none-eabi/10.3.1/thumb/v7-m/nofp/crtend.o

.debug_info     0x0000000000000000    0x1506d
 .debug_info    0x0000000000000000      0x522 build/system_stm32f10x.o
 .debug_info    0x0000000000000522      0x595 build/main.o
 .debug_info    0x0000000000000ab7      0x77f build/my_inits.o
 .debug_info    0x0000000000001236      0x5d3 build/misc.o
 .debug_info    0x0000000000001809      0xb5f build/stm32f10x_flash.o
 .debug_info    0x0000000000002368      0x96b build/stm32f10x_gpio.o
 .debug_info    0x0000000000002cd3      0xd40 build/stm32f10x_i2c.o
 .debug_info    0x0000000000003a13      0x9ff build/stm32f10x_rcc.o
 .debug_info    0x0000000000004412      0xfd8 build/usb_core.o
 .debug_info    0x00000000000053ea      0x4f9 build/usb_init.o
 .debug_info    0x00000000000058e3      0x24a build/usb_int.o
 .debug_info    0x0000000000005b2d      0x1ec build/usb_mem.o
 .debug_info    0x0000000000005d19      0xf84 build/usb_regs.o
 .debug_info    0x0000000000006c9d      0x254 build/usb_sil.o
 .debug_info    0x0000000000006ef1      0x32e build/hw_config.o
 .debug_info    0x000000000000721f      0x202 build/usb_desc.o
 .debug_info    0x0000000000007421      0x3aa build/usb_endp.o
 .debug_info    0x00000000000077cb      0x2d6 build/usb_istr.o
 .debug_info    0x0000000000007aa1      0xaf4 build/usb_prop.o
 .debug_info    0x0000000000008595       0xc8 build/usb_pwr.o
 .debug_info    0x000000000000865d       0x22 build/startup_stm32f103xe.o
 .debug_info    0x000000000000867f      0x863 /usr/lib/gcc/arm-none-eabi/10.3.1/../../../arm-none-eabi/lib/thumb/v7-m/nofp/libc_nano.a(lib_a-impure.o)
 .debug_info    0x0000000000008ee2      0x11a /usr/lib/gcc/arm-none-eabi/10.3.1/../../../arm-none-eabi/lib/thumb/v7-m/nofp/libc_nano.a(lib_a-init.o)
 .debug_info    0x0000000000008ffc      0x137 /usr/lib/gcc/arm-none-eabi/10.3.1/../../../arm-none-eabi/lib/thumb/v7-m/nofp/libc_nano.a(lib_a-memset.o)
 .debug_info    0x0000000000009133      0xa4e /usr/lib/gcc/arm-none-eabi/10.3.1/../../../arm-none-eabi/lib/thumb/v7-m/nofp/libc_nano.a(lib_a-puts.o)
 .debug_info    0x0000000000009b81      0x998 /usr/lib/gcc/arm-none-eabi/10.3.1/../../../arm-none-eabi/lib/thumb/v7-m/nofp/libc_nano.a(lib_a-wbuf.o)
 .debug_info    0x000000000000a519      0x902 /usr/lib/gcc/arm-none-eabi/10.3.1/../../../arm-none-eabi/lib/thumb/v7-m/nofp/libc_nano.a(lib_a-wsetup.o)
 .debug_info    0x000000000000ae1b      0xb0a /usr/lib/gcc/arm-none-eabi/10.3.1/../../../arm-none-eabi/lib/thumb/v7-m/nofp/libc_nano.a(lib_a-fflush.o)
 .debug_info    0x000000000000b925      0xfae /usr/lib/gcc/arm-none-eabi/10.3.1/../../../arm-none-eabi/lib/thumb/v7-m/nofp/libc_nano.a(lib_a-findfp.o)
 .debug_info    0x000000000000c8d3      0x900 /usr/lib/gcc/arm-none-eabi/10.3.1/../../../arm-none-eabi/lib/thumb/v7-m/nofp/libc_nano.a(lib_a-fwalk.o)
 .debug_info    0x000000000000d1d3      0xc8a /usr/lib/gcc/arm-none-eabi/10.3.1/../../../arm-none-eabi/lib/thumb/v7-m/nofp/libc_nano.a(lib_a-makebuf.o)
 .debug_info    0x000000000000de5d      0x940 /usr/lib/gcc/arm-none-eabi/10.3.1/../../../arm-none-eabi/lib/thumb/v7-m/nofp/libc_nano.a(lib_a-nano-freer.o)
 .debug_info    0x000000000000e79d      0xa0c /usr/lib/gcc/arm-none-eabi/10.3.1/../../../arm-none-eabi/lib/thumb/v7-m/nofp/libc_nano.a(lib_a-nano-mallocr.o)
 .debug_info    0x000000000000f1a9      0x828 /usr/lib/gcc/arm-none-eabi/10.3.1/../../../arm-none-eabi/lib/thumb/v7-m/nofp/libc_nano.a(lib_a-sbrkr.o)
 .debug_info    0x000000000000f9d1      0xabc /usr/lib/gcc/arm-none-eabi/10.3.1/../../../arm-none-eabi/lib/thumb/v7-m/nofp/libc_nano.a(lib_a-stdio.o)
 .debug_info    0x000000000001048d      0x85a /usr/lib/gcc/arm-none-eabi/10.3.1/../../../arm-none-eabi/lib/thumb/v7-m/nofp/libc_nano.a(lib_a-writer.o)
 .debug_info    0x0000000000010ce7      0x805 /usr/lib/gcc/arm-none-eabi/10.3.1/../../../arm-none-eabi/lib/thumb/v7-m/nofp/libc_nano.a(lib_a-closer.o)
 .debug_info    0x00000000000114ec      0xa1d /usr/lib/gcc/arm-none-eabi/10.3.1/../../../arm-none-eabi/lib/thumb/v7-m/nofp/libc_nano.a(lib_a-fstatr.o)
 .debug_info    0x0000000000011f09      0x805 /usr/lib/gcc/arm-none-eabi/10.3.1/../../../arm-none-eabi/lib/thumb/v7-m/nofp/libc_nano.a(lib_a-isattyr.o)
 .debug_info    0x000000000001270e      0x83b /usr/lib/gcc/arm-none-eabi/10.3.1/../../../arm-none-eabi/lib/thumb/v7-m/nofp/libc_nano.a(lib_a-lseekr.o)
 .debug_info    0x0000000000012f49      0x7dc /usr/lib/gcc/arm-none-eabi/10.3.1/../../../arm-none-eabi/lib/thumb/v7-m/nofp/libc_nano.a(lib_a-mlock.o)
 .debug_info    0x0000000000013725      0x853 /usr/lib/gcc/arm-none-eabi/10.3.1/../../../arm-none-eabi/lib/thumb/v7-m/nofp/libc_nano.a(lib_a-readr.o)
 .debug_info    0x0000000000013f78      0xa7e /usr/lib/gcc/arm-none-eabi/10.3.1/../../../arm-none-eabi/lib/thumb/v7-m/nofp/libc_nano.a(lib_a-reent.o)
 .debug_info    0x00000000000149f6       0xb1 /usr/lib/gcc/arm-none-eabi/10.3.1/../../../arm-none-eabi/lib/thumb/v7-m/nofp/libnosys.a(close.o)
 .debug_info    0x0000000000014aa7      0x2cc /usr/lib/gcc/arm-none-eabi/10.3.1/../../../arm-none-eabi/lib/thumb/v7-m/nofp/libnosys.a(fstat.o)
 .debug_info    0x0000000000014d73       0xb1 /usr/lib/gcc/arm-none-eabi/10.3.1/../../../arm-none-eabi/lib/thumb/v7-m/nofp/libnosys.a(isatty.o)
 .debug_info    0x0000000000014e24       0xd3 /usr/lib/gcc/arm-none-eabi/10.3.1/../../../arm-none-eabi/lib/thumb/v7-m/nofp/libnosys.a(lseek.o)
 .debug_info    0x0000000000014ef7       0xd9 /usr/lib/gcc/arm-none-eabi/10.3.1/../../../arm-none-eabi/lib/thumb/v7-m/nofp/libnosys.a(read.o)
 .debug_info    0x0000000000014fd0       0x9d /usr/lib/gcc/arm-none-eabi/10.3.1/../../../arm-none-eabi/lib/thumb/v7-m/nofp/libnosys.a(sbrk.o)

.debug_abbrev   0x0000000000000000     0x4e05
 .debug_abbrev  0x0000000000000000      0x189 build/system_stm32f10x.o
 .debug_abbrev  0x0000000000000189      0x233 build/main.o
 .debug_abbrev  0x00000000000003bc      0x15d build/my_inits.o
 .debug_abbrev  0x0000000000000519      0x167 build/misc.o
 .debug_abbrev  0x0000000000000680      0x1ec build/stm32f10x_flash.o
 .debug_abbrev  0x000000000000086c      0x23f build/stm32f10x_gpio.o
 .debug_abbrev  0x0000000000000aab      0x210 build/stm32f10x_i2c.o
 .debug_abbrev  0x0000000000000cbb      0x240 build/stm32f10x_rcc.o
 .debug_abbrev  0x0000000000000efb      0x3c1 build/usb_core.o
 .debug_abbrev  0x00000000000012bc      0x120 build/usb_init.o
 .debug_abbrev  0x00000000000013dc      0x104 build/usb_int.o
 .debug_abbrev  0x00000000000014e0       0x9c build/usb_mem.o
 .debug_abbrev  0x000000000000157c      0x206 build/usb_regs.o
 .debug_abbrev  0x0000000000001782      0x105 build/usb_sil.o
 .debug_abbrev  0x0000000000001887      0x109 build/hw_config.o
 .debug_abbrev  0x0000000000001990       0xae build/usb_desc.o
 .debug_abbrev  0x0000000000001a3e      0x153 build/usb_endp.o
 .debug_abbrev  0x0000000000001b91      0x15c build/usb_istr.o
 .debug_abbrev  0x0000000000001ced      0x24a build/usb_prop.o
 .debug_abbrev  0x0000000000001f37       0x7c build/usb_pwr.o
 .debug_abbrev  0x0000000000001fb3       0x12 build/startup_stm32f103xe.o
 .debug_abbrev  0x0000000000001fc5      0x151 /usr/lib/gcc/arm-none-eabi/10.3.1/../../../arm-none-eabi/lib/thumb/v7-m/nofp/libc_nano.a(lib_a-impure.o)
 .debug_abbrev  0x0000000000002116       0xcc /usr/lib/gcc/arm-none-eabi/10.3.1/../../../arm-none-eabi/lib/thumb/v7-m/nofp/libc_nano.a(lib_a-init.o)
 .debug_abbrev  0x00000000000021e2       0xb4 /usr/lib/gcc/arm-none-eabi/10.3.1/../../../arm-none-eabi/lib/thumb/v7-m/nofp/libc_nano.a(lib_a-memset.o)
 .debug_abbrev  0x0000000000002296      0x28e /usr/lib/gcc/arm-none-eabi/10.3.1/../../../arm-none-eabi/lib/thumb/v7-m/nofp/libc_nano.a(lib_a-puts.o)
 .debug_abbrev  0x0000000000002524      0x21f /usr/lib/gcc/arm-none-eabi/10.3.1/../../../arm-none-eabi/lib/thumb/v7-m/nofp/libc_nano.a(lib_a-wbuf.o)
 .debug_abbrev  0x0000000000002743      0x1d4 /usr/lib/gcc/arm-none-eabi/10.3.1/../../../arm-none-eabi/lib/thumb/v7-m/nofp/libc_nano.a(lib_a-wsetup.o)
 .debug_abbrev  0x0000000000002917      0x2da /usr/lib/gcc/arm-none-eabi/10.3.1/../../../arm-none-eabi/lib/thumb/v7-m/nofp/libc_nano.a(lib_a-fflush.o)
 .debug_abbrev  0x0000000000002bf1      0x3cd /usr/lib/gcc/arm-none-eabi/10.3.1/../../../arm-none-eabi/lib/thumb/v7-m/nofp/libc_nano.a(lib_a-findfp.o)
 .debug_abbrev  0x0000000000002fbe      0x197 /usr/lib/gcc/arm-none-eabi/10.3.1/../../../arm-none-eabi/lib/thumb/v7-m/nofp/libc_nano.a(lib_a-fwalk.o)
 .debug_abbrev  0x0000000000003155      0x278 /usr/lib/gcc/arm-none-eabi/10.3.1/../../../arm-none-eabi/lib/thumb/v7-m/nofp/libc_nano.a(lib_a-makebuf.o)
 .debug_abbrev  0x00000000000033cd      0x245 /usr/lib/gcc/arm-none-eabi/10.3.1/../../../arm-none-eabi/lib/thumb/v7-m/nofp/libc_nano.a(lib_a-nano-freer.o)
 .debug_abbrev  0x0000000000003612      0x290 /usr/lib/gcc/arm-none-eabi/10.3.1/../../../arm-none-eabi/lib/thumb/v7-m/nofp/libc_nano.a(lib_a-nano-mallocr.o)
 .debug_abbrev  0x00000000000038a2      0x1d6 /usr/lib/gcc/arm-none-eabi/10.3.1/../../../arm-none-eabi/lib/thumb/v7-m/nofp/libc_nano.a(lib_a-sbrkr.o)
 .debug_abbrev  0x0000000000003a78      0x1fb /usr/lib/gcc/arm-none-eabi/10.3.1/../../../arm-none-eabi/lib/thumb/v7-m/nofp/libc_nano.a(lib_a-stdio.o)
 .debug_abbrev  0x0000000000003c73      0x1b0 /usr/lib/gcc/arm-none-eabi/10.3.1/../../../arm-none-eabi/lib/thumb/v7-m/nofp/libc_nano.a(lib_a-writer.o)
 .debug_abbrev  0x0000000000003e23      0x1ab /usr/lib/gcc/arm-none-eabi/10.3.1/../../../arm-none-eabi/lib/thumb/v7-m/nofp/libc_nano.a(lib_a-closer.o)
 .debug_abbrev  0x0000000000003fce      0x1bf /usr/lib/gcc/arm-none-eabi/10.3.1/../../../arm-none-eabi/lib/thumb/v7-m/nofp/libc_nano.a(lib_a-fstatr.o)
 .debug_abbrev  0x000000000000418d      0x1ab /usr/lib/gcc/arm-none-eabi/10.3.1/../../../arm-none-eabi/lib/thumb/v7-m/nofp/libc_nano.a(lib_a-isattyr.o)
 .debug_abbrev  0x0000000000004338      0x1bf /usr/lib/gcc/arm-none-eabi/10.3.1/../../../arm-none-eabi/lib/thumb/v7-m/nofp/libc_nano.a(lib_a-lseekr.o)
 .debug_abbrev  0x00000000000044f7      0x189 /usr/lib/gcc/arm-none-eabi/10.3.1/../../../arm-none-eabi/lib/thumb/v7-m/nofp/libc_nano.a(lib_a-mlock.o)
 .debug_abbrev  0x0000000000004680      0x1ab /usr/lib/gcc/arm-none-eabi/10.3.1/../../../arm-none-eabi/lib/thumb/v7-m/nofp/libc_nano.a(lib_a-readr.o)
 .debug_abbrev  0x000000000000482b      0x265 /usr/lib/gcc/arm-none-eabi/10.3.1/../../../arm-none-eabi/lib/thumb/v7-m/nofp/libc_nano.a(lib_a-reent.o)
 .debug_abbrev  0x0000000000004a90       0x6d /usr/lib/gcc/arm-none-eabi/10.3.1/../../../arm-none-eabi/lib/thumb/v7-m/nofp/libnosys.a(close.o)
 .debug_abbrev  0x0000000000004afd       0xcc /usr/lib/gcc/arm-none-eabi/10.3.1/../../../arm-none-eabi/lib/thumb/v7-m/nofp/libnosys.a(fstat.o)
 .debug_abbrev  0x0000000000004bc9       0x6d /usr/lib/gcc/arm-none-eabi/10.3.1/../../../arm-none-eabi/lib/thumb/v7-m/nofp/libnosys.a(isatty.o)
 .debug_abbrev  0x0000000000004c36       0x92 /usr/lib/gcc/arm-none-eabi/10.3.1/../../../arm-none-eabi/lib/thumb/v7-m/nofp/libnosys.a(lseek.o)
 .debug_abbrev  0x0000000000004cc8       0x9b /usr/lib/gcc/arm-none-eabi/10.3.1/../../../arm-none-eabi/lib/thumb/v7-m/nofp/libnosys.a(read.o)
 .debug_abbrev  0x0000000000004d63       0xa2 /usr/lib/gcc/arm-none-eabi/10.3.1/../../../arm-none-eabi/lib/thumb/v7-m/nofp/libnosys.a(sbrk.o)

.debug_loc      0x0000000000000000     0x6dc7
 .debug_loc     0x0000000000000000      0x177 build/system_stm32f10x.o
 .debug_loc     0x0000000000000177       0xed build/main.o
 .debug_loc     0x0000000000000264       0x78 build/my_inits.o
 .debug_loc     0x00000000000002dc      0x16b build/misc.o
 .debug_loc     0x0000000000000447      0x8bb build/stm32f10x_flash.o
 .debug_loc     0x0000000000000d02      0x6d8 build/stm32f10x_gpio.o
 .debug_loc     0x00000000000013da      0x83b build/stm32f10x_i2c.o
 .debug_loc     0x0000000000001c15      0x6c4 build/stm32f10x_rcc.o
 .debug_loc     0x00000000000022d9      0xe3d build/usb_core.o
 .debug_loc     0x0000000000003116       0x20 build/usb_init.o
 .debug_loc     0x0000000000003136      0x139 build/usb_int.o
 .debug_loc     0x000000000000326f      0x208 build/usb_mem.o
 .debug_loc     0x0000000000003477      0xddd build/usb_regs.o
 .debug_loc     0x0000000000004254      0x130 build/usb_sil.o
 .debug_loc     0x0000000000004384       0x38 build/hw_config.o
 .debug_loc     0x00000000000043bc       0x95 build/usb_endp.o
 .debug_loc     0x0000000000004451       0x40 build/usb_istr.o
 .debug_loc     0x0000000000004491      0x27f build/usb_prop.o
 .debug_loc     0x0000000000004710       0xba /usr/lib/gcc/arm-none-eabi/10.3.1/../../../arm-none-eabi/lib/thumb/v7-m/nofp/libc_nano.a(lib_a-init.o)
 .debug_loc     0x00000000000047ca      0x22c /usr/lib/gcc/arm-none-eabi/10.3.1/../../../arm-none-eabi/lib/thumb/v7-m/nofp/libc_nano.a(lib_a-memset.o)
 .debug_loc     0x00000000000049f6      0x258 /usr/lib/gcc/arm-none-eabi/10.3.1/../../../arm-none-eabi/lib/thumb/v7-m/nofp/libc_nano.a(lib_a-puts.o)
 .debug_loc     0x0000000000004c4e      0x193 /usr/lib/gcc/arm-none-eabi/10.3.1/../../../arm-none-eabi/lib/thumb/v7-m/nofp/libc_nano.a(lib_a-wbuf.o)
 .debug_loc     0x0000000000004de1       0xb7 /usr/lib/gcc/arm-none-eabi/10.3.1/../../../arm-none-eabi/lib/thumb/v7-m/nofp/libc_nano.a(lib_a-wsetup.o)
 .debug_loc     0x0000000000004e98      0x4c9 /usr/lib/gcc/arm-none-eabi/10.3.1/../../../arm-none-eabi/lib/thumb/v7-m/nofp/libc_nano.a(lib_a-fflush.o)
 .debug_loc     0x0000000000005361      0x3d9 /usr/lib/gcc/arm-none-eabi/10.3.1/../../../arm-none-eabi/lib/thumb/v7-m/nofp/libc_nano.a(lib_a-findfp.o)
 .debug_loc     0x000000000000573a      0x1bf /usr/lib/gcc/arm-none-eabi/10.3.1/../../../arm-none-eabi/lib/thumb/v7-m/nofp/libc_nano.a(lib_a-fwalk.o)
 .debug_loc     0x00000000000058f9      0x327 /usr/lib/gcc/arm-none-eabi/10.3.1/../../../arm-none-eabi/lib/thumb/v7-m/nofp/libc_nano.a(lib_a-makebuf.o)
 .debug_loc     0x0000000000005c20      0x27f /usr/lib/gcc/arm-none-eabi/10.3.1/../../../arm-none-eabi/lib/thumb/v7-m/nofp/libc_nano.a(lib_a-nano-freer.o)
 .debug_loc     0x0000000000005e9f      0x3da /usr/lib/gcc/arm-none-eabi/10.3.1/../../../arm-none-eabi/lib/thumb/v7-m/nofp/libc_nano.a(lib_a-nano-mallocr.o)
 .debug_loc     0x0000000000006279       0x6c /usr/lib/gcc/arm-none-eabi/10.3.1/../../../arm-none-eabi/lib/thumb/v7-m/nofp/libc_nano.a(lib_a-sbrkr.o)
 .debug_loc     0x00000000000062e5      0x3a0 /usr/lib/gcc/arm-none-eabi/10.3.1/../../../arm-none-eabi/lib/thumb/v7-m/nofp/libc_nano.a(lib_a-stdio.o)
 .debug_loc     0x0000000000006685       0xea /usr/lib/gcc/arm-none-eabi/10.3.1/../../../arm-none-eabi/lib/thumb/v7-m/nofp/libc_nano.a(lib_a-writer.o)
 .debug_loc     0x000000000000676f       0x6c /usr/lib/gcc/arm-none-eabi/10.3.1/../../../arm-none-eabi/lib/thumb/v7-m/nofp/libc_nano.a(lib_a-closer.o)
 .debug_loc     0x00000000000067db       0x9e /usr/lib/gcc/arm-none-eabi/10.3.1/../../../arm-none-eabi/lib/thumb/v7-m/nofp/libc_nano.a(lib_a-fstatr.o)
 .debug_loc     0x0000000000006879       0x6c /usr/lib/gcc/arm-none-eabi/10.3.1/../../../arm-none-eabi/lib/thumb/v7-m/nofp/libc_nano.a(lib_a-isattyr.o)
 .debug_loc     0x00000000000068e5       0xea /usr/lib/gcc/arm-none-eabi/10.3.1/../../../arm-none-eabi/lib/thumb/v7-m/nofp/libc_nano.a(lib_a-lseekr.o)
 .debug_loc     0x00000000000069cf       0xea /usr/lib/gcc/arm-none-eabi/10.3.1/../../../arm-none-eabi/lib/thumb/v7-m/nofp/libc_nano.a(lib_a-readr.o)
 .debug_loc     0x0000000000006ab9      0x1cd /usr/lib/gcc/arm-none-eabi/10.3.1/../../../arm-none-eabi/lib/thumb/v7-m/nofp/libc_nano.a(lib_a-reent.o)
 .debug_loc     0x0000000000006c86       0x25 /usr/lib/gcc/arm-none-eabi/10.3.1/../../../arm-none-eabi/lib/thumb/v7-m/nofp/libnosys.a(close.o)
 .debug_loc     0x0000000000006cab       0x25 /usr/lib/gcc/arm-none-eabi/10.3.1/../../../arm-none-eabi/lib/thumb/v7-m/nofp/libnosys.a(fstat.o)
 .debug_loc     0x0000000000006cd0       0x25 /usr/lib/gcc/arm-none-eabi/10.3.1/../../../arm-none-eabi/lib/thumb/v7-m/nofp/libnosys.a(isatty.o)
 .debug_loc     0x0000000000006cf5       0x4a /usr/lib/gcc/arm-none-eabi/10.3.1/../../../arm-none-eabi/lib/thumb/v7-m/nofp/libnosys.a(lseek.o)
 .debug_loc     0x0000000000006d3f       0x4a /usr/lib/gcc/arm-none-eabi/10.3.1/../../../arm-none-eabi/lib/thumb/v7-m/nofp/libnosys.a(read.o)
 .debug_loc     0x0000000000006d89       0x3e /usr/lib/gcc/arm-none-eabi/10.3.1/../../../arm-none-eabi/lib/thumb/v7-m/nofp/libnosys.a(sbrk.o)

.debug_aranges  0x0000000000000000      0xca8
 .debug_aranges
                0x0000000000000000       0x38 build/system_stm32f10x.o
 .debug_aranges
                0x0000000000000038       0x28 build/main.o
 .debug_aranges
                0x0000000000000060       0x30 build/my_inits.o
 .debug_aranges
                0x0000000000000090       0x40 build/misc.o
 .debug_aranges
                0x00000000000000d0       0xf8 build/stm32f10x_flash.o
 .debug_aranges
                0x00000000000001c8       0xa8 build/stm32f10x_gpio.o
 .debug_aranges
                0x0000000000000270      0x120 build/stm32f10x_i2c.o
 .debug_aranges
                0x0000000000000390      0x118 build/stm32f10x_rcc.o
 .debug_aranges
                0x00000000000004a8       0xb0 build/usb_core.o
 .debug_aranges
                0x0000000000000558       0x20 build/usb_init.o
 .debug_aranges
                0x0000000000000578       0x28 build/usb_int.o
 .debug_aranges
                0x00000000000005a0       0x28 build/usb_mem.o
 .debug_aranges
                0x00000000000005c8      0x1f0 build/usb_regs.o
 .debug_aranges
                0x00000000000007b8       0x30 build/usb_sil.o
 .debug_aranges
                0x00000000000007e8       0x20 build/hw_config.o
 .debug_aranges
                0x0000000000000808       0x18 build/usb_desc.o
 .debug_aranges
                0x0000000000000820       0x38 build/usb_endp.o
 .debug_aranges
                0x0000000000000858       0x28 build/usb_istr.o
 .debug_aranges
                0x0000000000000880       0x70 build/usb_prop.o
 .debug_aranges
                0x00000000000008f0       0x18 build/usb_pwr.o
 .debug_aranges
                0x0000000000000908       0x28 build/startup_stm32f103xe.o
 .debug_aranges
                0x0000000000000930       0x18 /usr/lib/gcc/arm-none-eabi/10.3.1/../../../arm-none-eabi/lib/thumb/v7-m/nofp/libc_nano.a(lib_a-impure.o)
 .debug_aranges
                0x0000000000000948       0x20 /usr/lib/gcc/arm-none-eabi/10.3.1/../../../arm-none-eabi/lib/thumb/v7-m/nofp/libc_nano.a(lib_a-init.o)
 .debug_aranges
                0x0000000000000968       0x20 /usr/lib/gcc/arm-none-eabi/10.3.1/../../../arm-none-eabi/lib/thumb/v7-m/nofp/libc_nano.a(lib_a-memset.o)
 .debug_aranges
                0x0000000000000988       0x20 /usr/lib/gcc/arm-none-eabi/10.3.1/../../../arm-none-eabi/lib/thumb/v7-m/nofp/libc_nano.a(lib_a-puts.o)
 .debug_aranges
                0x00000000000009a8       0x20 /usr/lib/gcc/arm-none-eabi/10.3.1/../../../arm-none-eabi/lib/thumb/v7-m/nofp/libc_nano.a(lib_a-wbuf.o)
 .debug_aranges
                0x00000000000009c8       0x20 /usr/lib/gcc/arm-none-eabi/10.3.1/../../../arm-none-eabi/lib/thumb/v7-m/nofp/libc_nano.a(lib_a-wsetup.o)
 .debug_aranges
                0x00000000000009e8       0x20 /usr/lib/gcc/arm-none-eabi/10.3.1/../../../arm-none-eabi/lib/thumb/v7-m/nofp/libc_nano.a(lib_a-fflush.o)
 .debug_aranges
                0x0000000000000a08       0x20 /usr/lib/gcc/arm-none-eabi/10.3.1/../../../arm-none-eabi/lib/thumb/v7-m/nofp/libc_nano.a(lib_a-findfp.o)
 .debug_aranges
                0x0000000000000a28       0x20 /usr/lib/gcc/arm-none-eabi/10.3.1/../../../arm-none-eabi/lib/thumb/v7-m/nofp/libc_nano.a(lib_a-fwalk.o)
 .debug_aranges
                0x0000000000000a48       0x20 /usr/lib/gcc/arm-none-eabi/10.3.1/../../../arm-none-eabi/lib/thumb/v7-m/nofp/libc_nano.a(lib_a-makebuf.o)
 .debug_aranges
                0x0000000000000a68       0x20 /usr/lib/gcc/arm-none-eabi/10.3.1/../../../arm-none-eabi/lib/thumb/v7-m/nofp/libc_nano.a(lib_a-nano-freer.o)
 .debug_aranges
                0x0000000000000a88       0x20 /usr/lib/gcc/arm-none-eabi/10.3.1/../../../arm-none-eabi/lib/thumb/v7-m/nofp/libc_nano.a(lib_a-nano-mallocr.o)
 .debug_aranges
                0x0000000000000aa8       0x20 /usr/lib/gcc/arm-none-eabi/10.3.1/../../../arm-none-eabi/lib/thumb/v7-m/nofp/libc_nano.a(lib_a-sbrkr.o)
 .debug_aranges
                0x0000000000000ac8       0x20 /usr/lib/gcc/arm-none-eabi/10.3.1/../../../arm-none-eabi/lib/thumb/v7-m/nofp/libc_nano.a(lib_a-stdio.o)
 .debug_aranges
                0x0000000000000ae8       0x20 /usr/lib/gcc/arm-none-eabi/10.3.1/../../../arm-none-eabi/lib/thumb/v7-m/nofp/libc_nano.a(lib_a-writer.o)
 .debug_aranges
                0x0000000000000b08       0x20 /usr/lib/gcc/arm-none-eabi/10.3.1/../../../arm-none-eabi/lib/thumb/v7-m/nofp/libc_nano.a(lib_a-closer.o)
 .debug_aranges
                0x0000000000000b28       0x20 /usr/lib/gcc/arm-none-eabi/10.3.1/../../../arm-none-eabi/lib/thumb/v7-m/nofp/libc_nano.a(lib_a-fstatr.o)
 .debug_aranges
                0x0000000000000b48       0x20 /usr/lib/gcc/arm-none-eabi/10.3.1/../../../arm-none-eabi/lib/thumb/v7-m/nofp/libc_nano.a(lib_a-isattyr.o)
 .debug_aranges
                0x0000000000000b68       0x20 /usr/lib/gcc/arm-none-eabi/10.3.1/../../../arm-none-eabi/lib/thumb/v7-m/nofp/libc_nano.a(lib_a-lseekr.o)
 .debug_aranges
                0x0000000000000b88       0x20 /usr/lib/gcc/arm-none-eabi/10.3.1/../../../arm-none-eabi/lib/thumb/v7-m/nofp/libc_nano.a(lib_a-mlock.o)
 .debug_aranges
                0x0000000000000ba8       0x20 /usr/lib/gcc/arm-none-eabi/10.3.1/../../../arm-none-eabi/lib/thumb/v7-m/nofp/libc_nano.a(lib_a-readr.o)
 .debug_aranges
                0x0000000000000bc8       0x20 /usr/lib/gcc/arm-none-eabi/10.3.1/../../../arm-none-eabi/lib/thumb/v7-m/nofp/libc_nano.a(lib_a-reent.o)
 .debug_aranges
                0x0000000000000be8       0x20 /usr/lib/gcc/arm-none-eabi/10.3.1/../../../arm-none-eabi/lib/thumb/v7-m/nofp/libnosys.a(close.o)
 .debug_aranges
                0x0000000000000c08       0x20 /usr/lib/gcc/arm-none-eabi/10.3.1/../../../arm-none-eabi/lib/thumb/v7-m/nofp/libnosys.a(fstat.o)
 .debug_aranges
                0x0000000000000c28       0x20 /usr/lib/gcc/arm-none-eabi/10.3.1/../../../arm-none-eabi/lib/thumb/v7-m/nofp/libnosys.a(isatty.o)
 .debug_aranges
                0x0000000000000c48       0x20 /usr/lib/gcc/arm-none-eabi/10.3.1/../../../arm-none-eabi/lib/thumb/v7-m/nofp/libnosys.a(lseek.o)
 .debug_aranges
                0x0000000000000c68       0x20 /usr/lib/gcc/arm-none-eabi/10.3.1/../../../arm-none-eabi/lib/thumb/v7-m/nofp/libnosys.a(read.o)
 .debug_aranges
                0x0000000000000c88       0x20 /usr/lib/gcc/arm-none-eabi/10.3.1/../../../arm-none-eabi/lib/thumb/v7-m/nofp/libnosys.a(sbrk.o)

.debug_ranges   0x0000000000000000      0xbc8
 .debug_ranges  0x0000000000000000       0x28 build/system_stm32f10x.o
 .debug_ranges  0x0000000000000028       0x30 build/main.o
 .debug_ranges  0x0000000000000058       0x20 build/my_inits.o
 .debug_ranges  0x0000000000000078       0x30 build/misc.o
 .debug_ranges  0x00000000000000a8       0xe8 build/stm32f10x_flash.o
 .debug_ranges  0x0000000000000190       0x98 build/stm32f10x_gpio.o
 .debug_ranges  0x0000000000000228      0x110 build/stm32f10x_i2c.o
 .debug_ranges  0x0000000000000338      0x108 build/stm32f10x_rcc.o
 .debug_ranges  0x0000000000000440       0xd0 build/usb_core.o
 .debug_ranges  0x0000000000000510       0x10 build/usb_init.o
 .debug_ranges  0x0000000000000520       0x18 build/usb_int.o
 .debug_ranges  0x0000000000000538       0x18 build/usb_mem.o
 .debug_ranges  0x0000000000000550      0x1e0 build/usb_regs.o
 .debug_ranges  0x0000000000000730       0x20 build/usb_sil.o
 .debug_ranges  0x0000000000000750       0x10 build/hw_config.o
 .debug_ranges  0x0000000000000760       0x28 build/usb_endp.o
 .debug_ranges  0x0000000000000788       0x18 build/usb_istr.o
 .debug_ranges  0x00000000000007a0       0x60 build/usb_prop.o
 .debug_ranges  0x0000000000000800       0x20 build/startup_stm32f103xe.o
 .debug_ranges  0x0000000000000820       0x60 /usr/lib/gcc/arm-none-eabi/10.3.1/../../../arm-none-eabi/lib/thumb/v7-m/nofp/libc_nano.a(lib_a-puts.o)
 .debug_ranges  0x0000000000000880       0x28 /usr/lib/gcc/arm-none-eabi/10.3.1/../../../arm-none-eabi/lib/thumb/v7-m/nofp/libc_nano.a(lib_a-wbuf.o)
 .debug_ranges  0x00000000000008a8       0x30 /usr/lib/gcc/arm-none-eabi/10.3.1/../../../arm-none-eabi/lib/thumb/v7-m/nofp/libc_nano.a(lib_a-wsetup.o)
 .debug_ranges  0x00000000000008d8       0xb8 /usr/lib/gcc/arm-none-eabi/10.3.1/../../../arm-none-eabi/lib/thumb/v7-m/nofp/libc_nano.a(lib_a-fflush.o)
 .debug_ranges  0x0000000000000990      0x140 /usr/lib/gcc/arm-none-eabi/10.3.1/../../../arm-none-eabi/lib/thumb/v7-m/nofp/libc_nano.a(lib_a-findfp.o)
 .debug_ranges  0x0000000000000ad0       0xa8 /usr/lib/gcc/arm-none-eabi/10.3.1/../../../arm-none-eabi/lib/thumb/v7-m/nofp/libc_nano.a(lib_a-makebuf.o)
 .debug_ranges  0x0000000000000b78       0x18 /usr/lib/gcc/arm-none-eabi/10.3.1/../../../arm-none-eabi/lib/thumb/v7-m/nofp/libc_nano.a(lib_a-nano-freer.o)
 .debug_ranges  0x0000000000000b90       0x38 /usr/lib/gcc/arm-none-eabi/10.3.1/../../../arm-none-eabi/lib/thumb/v7-m/nofp/libc_nano.a(lib_a-nano-mallocr.o)

.debug_line     0x0000000000000000     0x8675
 .debug_line    0x0000000000000000      0x336 build/system_stm32f10x.o
 .debug_line    0x0000000000000336      0x1f7 build/main.o
 .debug_line    0x000000000000052d      0x207 build/my_inits.o
 .debug_line    0x0000000000000734      0x1f0 build/misc.o
 .debug_line    0x0000000000000924      0x933 build/stm32f10x_flash.o
 .debug_line    0x0000000000001257      0x604 build/stm32f10x_gpio.o
 .debug_line    0x000000000000185b      0x864 build/stm32f10x_i2c.o
 .debug_line    0x00000000000020bf      0x7b2 build/stm32f10x_rcc.o
 .debug_line    0x0000000000002871      0xd42 build/usb_core.o
 .debug_line    0x00000000000035b3       0xda build/usb_init.o
 .debug_line    0x000000000000368d      0x2e2 build/usb_int.o
 .debug_line    0x000000000000396f      0x181 build/usb_mem.o
 .debug_line    0x0000000000003af0      0xa66 build/usb_regs.o
 .debug_line    0x0000000000004556      0x115 build/usb_sil.o
 .debug_line    0x000000000000466b       0xfc build/hw_config.o
 .debug_line    0x0000000000004767       0xa6 build/usb_desc.o
 .debug_line    0x000000000000480d      0x15d build/usb_endp.o
 .debug_line    0x000000000000496a      0x118 build/usb_istr.o
 .debug_line    0x0000000000004a82      0x2ee build/usb_prop.o
 .debug_line    0x0000000000004d70       0x87 build/usb_pwr.o
 .debug_line    0x0000000000004df7       0x75 build/startup_stm32f103xe.o
 .debug_line    0x0000000000004e6c       0xe4 /usr/lib/gcc/arm-none-eabi/10.3.1/../../../arm-none-eabi/lib/thumb/v7-m/nofp/libc_nano.a(lib_a-impure.o)
 .debug_line    0x0000000000004f50      0x13f /usr/lib/gcc/arm-none-eabi/10.3.1/../../../arm-none-eabi/lib/thumb/v7-m/nofp/libc_nano.a(lib_a-init.o)
 .debug_line    0x000000000000508f      0x1bf /usr/lib/gcc/arm-none-eabi/10.3.1/../../../arm-none-eabi/lib/thumb/v7-m/nofp/libc_nano.a(lib_a-memset.o)
 .debug_line    0x000000000000524e      0x32c /usr/lib/gcc/arm-none-eabi/10.3.1/../../../arm-none-eabi/lib/thumb/v7-m/nofp/libc_nano.a(lib_a-puts.o)
 .debug_line    0x000000000000557a      0x27a /usr/lib/gcc/arm-none-eabi/10.3.1/../../../arm-none-eabi/lib/thumb/v7-m/nofp/libc_nano.a(lib_a-wbuf.o)
 .debug_line    0x00000000000057f4      0x352 /usr/lib/gcc/arm-none-eabi/10.3.1/../../../arm-none-eabi/lib/thumb/v7-m/nofp/libc_nano.a(lib_a-wsetup.o)
 .debug_line    0x0000000000005b46      0x494 /usr/lib/gcc/arm-none-eabi/10.3.1/../../../arm-none-eabi/lib/thumb/v7-m/nofp/libc_nano.a(lib_a-fflush.o)
 .debug_line    0x0000000000005fda      0x5ab /usr/lib/gcc/arm-none-eabi/10.3.1/../../../arm-none-eabi/lib/thumb/v7-m/nofp/libc_nano.a(lib_a-findfp.o)
 .debug_line    0x0000000000006585      0x27a /usr/lib/gcc/arm-none-eabi/10.3.1/../../../arm-none-eabi/lib/thumb/v7-m/nofp/libc_nano.a(lib_a-fwalk.o)
 .debug_line    0x00000000000067ff      0x3c2 /usr/lib/gcc/arm-none-eabi/10.3.1/../../../arm-none-eabi/lib/thumb/v7-m/nofp/libc_nano.a(lib_a-makebuf.o)
 .debug_line    0x0000000000006bc1      0x2e5 /usr/lib/gcc/arm-none-eabi/10.3.1/../../../arm-none-eabi/lib/thumb/v7-m/nofp/libc_nano.a(lib_a-nano-freer.o)
 .debug_line    0x0000000000006ea6      0x2d6 /usr/lib/gcc/arm-none-eabi/10.3.1/../../../arm-none-eabi/lib/thumb/v7-m/nofp/libc_nano.a(lib_a-nano-mallocr.o)
 .debug_line    0x000000000000717c      0x186 /usr/lib/gcc/arm-none-eabi/10.3.1/../../../arm-none-eabi/lib/thumb/v7-m/nofp/libc_nano.a(lib_a-sbrkr.o)
 .debug_line    0x0000000000007302      0x231 /usr/lib/gcc/arm-none-eabi/10.3.1/../../../arm-none-eabi/lib/thumb/v7-m/nofp/libc_nano.a(lib_a-stdio.o)
 .debug_line    0x0000000000007533      0x18d /usr/lib/gcc/arm-none-eabi/10.3.1/../../../arm-none-eabi/lib/thumb/v7-m/nofp/libc_nano.a(lib_a-writer.o)
 .debug_line    0x00000000000076c0      0x186 /usr/lib/gcc/arm-none-eabi/10.3.1/../../../arm-none-eabi/lib/thumb/v7-m/nofp/libc_nano.a(lib_a-closer.o)
 .debug_line    0x0000000000007846      0x1fc /usr/lib/gcc/arm-none-eabi/10.3.1/../../../arm-none-eabi/lib/thumb/v7-m/nofp/libc_nano.a(lib_a-fstatr.o)
 .debug_line    0x0000000000007a42      0x187 /usr/lib/gcc/arm-none-eabi/10.3.1/../../../arm-none-eabi/lib/thumb/v7-m/nofp/libc_nano.a(lib_a-isattyr.o)
 .debug_line    0x0000000000007bc9      0x18d /usr/lib/gcc/arm-none-eabi/10.3.1/../../../arm-none-eabi/lib/thumb/v7-m/nofp/libc_nano.a(lib_a-lseekr.o)
 .debug_line    0x0000000000007d56      0x13e /usr/lib/gcc/arm-none-eabi/10.3.1/../../../arm-none-eabi/lib/thumb/v7-m/nofp/libc_nano.a(lib_a-mlock.o)
 .debug_line    0x0000000000007e94      0x18c /usr/lib/gcc/arm-none-eabi/10.3.1/../../../arm-none-eabi/lib/thumb/v7-m/nofp/libc_nano.a(lib_a-readr.o)
 .debug_line    0x0000000000008020      0x2c7 /usr/lib/gcc/arm-none-eabi/10.3.1/../../../arm-none-eabi/lib/thumb/v7-m/nofp/libc_nano.a(lib_a-reent.o)
 .debug_line    0x00000000000082e7       0x75 /usr/lib/gcc/arm-none-eabi/10.3.1/../../../arm-none-eabi/lib/thumb/v7-m/nofp/libnosys.a(close.o)
 .debug_line    0x000000000000835c      0x13f /usr/lib/gcc/arm-none-eabi/10.3.1/../../../arm-none-eabi/lib/thumb/v7-m/nofp/libnosys.a(fstat.o)
 .debug_line    0x000000000000849b       0x76 /usr/lib/gcc/arm-none-eabi/10.3.1/../../../arm-none-eabi/lib/thumb/v7-m/nofp/libnosys.a(isatty.o)
 .debug_line    0x0000000000008511       0x76 /usr/lib/gcc/arm-none-eabi/10.3.1/../../../arm-none-eabi/lib/thumb/v7-m/nofp/libnosys.a(lseek.o)
 .debug_line    0x0000000000008587       0x75 /usr/lib/gcc/arm-none-eabi/10.3.1/../../../arm-none-eabi/lib/thumb/v7-m/nofp/libnosys.a(read.o)
 .debug_line    0x00000000000085fc       0x79 /usr/lib/gcc/arm-none-eabi/10.3.1/../../../arm-none-eabi/lib/thumb/v7-m/nofp/libnosys.a(sbrk.o)

.debug_str      0x0000000000000000     0x395a
 .debug_str     0x0000000000000000      0x25f build/system_stm32f10x.o
                                        0x2bd (size before relaxing)
 .debug_str     0x000000000000025f      0x19b build/main.o
                                        0x302 (size before relaxing)
 .debug_str     0x00000000000003fa      0x36f build/my_inits.o
                                        0x532 (size before relaxing)
 .debug_str     0x0000000000000769      0x1b7 build/misc.o
                                        0x393 (size before relaxing)
 .debug_str     0x0000000000000920      0x3ca build/stm32f10x_flash.o
                                        0x5b2 (size before relaxing)
 .debug_str     0x0000000000000cea      0x23a build/stm32f10x_gpio.o
                                        0x4fa (size before relaxing)
 .debug_str     0x0000000000000f24      0x38c build/stm32f10x_i2c.o
                                        0x659 (size before relaxing)
 .debug_str     0x00000000000012b0      0x219 build/stm32f10x_rcc.o
                                        0x5e4 (size before relaxing)
 .debug_str     0x00000000000014c9      0x7ec build/usb_core.o
                                        0xab1 (size before relaxing)
 .debug_str     0x0000000000001cb5       0x48 build/usb_init.o
                                        0x505 (size before relaxing)
 .debug_str     0x0000000000001cfd       0x49 build/usb_int.o
                                        0x1e1 (size before relaxing)
 .debug_str     0x0000000000001d46       0x49 build/usb_mem.o
                                        0x1ba (size before relaxing)
 .debug_str     0x0000000000001d8f      0x37a build/usb_regs.o
                                        0x542 (size before relaxing)
 .debug_str     0x0000000000002109       0x6f build/usb_sil.o
                                        0x222 (size before relaxing)
 .debug_str     0x0000000000002178      0x3d5 build/hw_config.o
                                        0x5e3 (size before relaxing)
 .debug_str     0x000000000000254d       0xbd build/usb_desc.o
                                        0x235 (size before relaxing)
 .debug_str     0x000000000000260a       0x5d build/usb_endp.o
                                        0x268 (size before relaxing)
 .debug_str     0x0000000000002667       0x59 build/usb_istr.o
                                        0x302 (size before relaxing)
 .debug_str     0x00000000000026c0      0x138 build/usb_prop.o
                                        0x804 (size before relaxing)
 .debug_str     0x00000000000027f8       0x17 build/usb_pwr.o
                                        0x1a6 (size before relaxing)
 .debug_str     0x000000000000280f       0x22 build/startup_stm32f103xe.o
                                         0x3e (size before relaxing)
 .debug_str     0x0000000000002831      0x455 /usr/lib/gcc/arm-none-eabi/10.3.1/../../../arm-none-eabi/lib/thumb/v7-m/nofp/libc_nano.a(lib_a-impure.o)
                                        0x556 (size before relaxing)
 .debug_str     0x0000000000002c86       0xec /usr/lib/gcc/arm-none-eabi/10.3.1/../../../arm-none-eabi/lib/thumb/v7-m/nofp/libc_nano.a(lib_a-init.o)
                                        0x203 (size before relaxing)
 .debug_str     0x0000000000002d72       0xa6 /usr/lib/gcc/arm-none-eabi/10.3.1/../../../arm-none-eabi/lib/thumb/v7-m/nofp/libc_nano.a(lib_a-memset.o)
                                        0x1b8 (size before relaxing)
 .debug_str     0x0000000000002e18       0xce /usr/lib/gcc/arm-none-eabi/10.3.1/../../../arm-none-eabi/lib/thumb/v7-m/nofp/libc_nano.a(lib_a-puts.o)
                                        0x58b (size before relaxing)
 .debug_str     0x0000000000002ee6       0x43 /usr/lib/gcc/arm-none-eabi/10.3.1/../../../arm-none-eabi/lib/thumb/v7-m/nofp/libc_nano.a(lib_a-wbuf.o)
                                        0x57a (size before relaxing)
 .debug_str     0x0000000000002f29       0x48 /usr/lib/gcc/arm-none-eabi/10.3.1/../../../arm-none-eabi/lib/thumb/v7-m/nofp/libc_nano.a(lib_a-wsetup.o)
                                        0x575 (size before relaxing)
 .debug_str     0x0000000000002f71       0x63 /usr/lib/gcc/arm-none-eabi/10.3.1/../../../arm-none-eabi/lib/thumb/v7-m/nofp/libc_nano.a(lib_a-fflush.o)
                                        0x5b6 (size before relaxing)
 .debug_str     0x0000000000002fd4      0x1ce /usr/lib/gcc/arm-none-eabi/10.3.1/../../../arm-none-eabi/lib/thumb/v7-m/nofp/libc_nano.a(lib_a-findfp.o)
                                        0x72f (size before relaxing)
 .debug_str     0x00000000000031a2       0x41 /usr/lib/gcc/arm-none-eabi/10.3.1/../../../arm-none-eabi/lib/thumb/v7-m/nofp/libc_nano.a(lib_a-fwalk.o)
                                        0x51c (size before relaxing)
 .debug_str     0x00000000000031e3      0x16c /usr/lib/gcc/arm-none-eabi/10.3.1/../../../arm-none-eabi/lib/thumb/v7-m/nofp/libc_nano.a(lib_a-makebuf.o)
                                        0x698 (size before relaxing)
 .debug_str     0x000000000000334f      0x112 /usr/lib/gcc/arm-none-eabi/10.3.1/../../../arm-none-eabi/lib/thumb/v7-m/nofp/libc_nano.a(lib_a-nano-freer.o)
                                        0x58d (size before relaxing)
 .debug_str     0x0000000000003461       0x46 /usr/lib/gcc/arm-none-eabi/10.3.1/../../../arm-none-eabi/lib/thumb/v7-m/nofp/libc_nano.a(lib_a-nano-mallocr.o)
                                        0x5b8 (size before relaxing)
 .debug_str     0x00000000000034a7       0x47 /usr/lib/gcc/arm-none-eabi/10.3.1/../../../arm-none-eabi/lib/thumb/v7-m/nofp/libc_nano.a(lib_a-sbrkr.o)
                                        0x50e (size before relaxing)
 .debug_str     0x00000000000034ee       0x92 /usr/lib/gcc/arm-none-eabi/10.3.1/../../../arm-none-eabi/lib/thumb/v7-m/nofp/libc_nano.a(lib_a-stdio.o)
                                        0x56b (size before relaxing)
 .debug_str     0x0000000000003580       0x33 /usr/lib/gcc/arm-none-eabi/10.3.1/../../../arm-none-eabi/lib/thumb/v7-m/nofp/libc_nano.a(lib_a-writer.o)
                                        0x50b (size before relaxing)
 .debug_str     0x00000000000035b3       0x33 /usr/lib/gcc/arm-none-eabi/10.3.1/../../../arm-none-eabi/lib/thumb/v7-m/nofp/libc_nano.a(lib_a-closer.o)
                                        0x4fb (size before relaxing)
 .debug_str     0x00000000000035e6       0x40 /usr/lib/gcc/arm-none-eabi/10.3.1/../../../arm-none-eabi/lib/thumb/v7-m/nofp/libc_nano.a(lib_a-fstatr.o)
                                        0x64d (size before relaxing)
 .debug_str     0x0000000000003626       0x3c /usr/lib/gcc/arm-none-eabi/10.3.1/../../../arm-none-eabi/lib/thumb/v7-m/nofp/libc_nano.a(lib_a-isattyr.o)
                                        0x505 (size before relaxing)
 .debug_str     0x0000000000003662       0x3a /usr/lib/gcc/arm-none-eabi/10.3.1/../../../arm-none-eabi/lib/thumb/v7-m/nofp/libc_nano.a(lib_a-lseekr.o)
                                        0x509 (size before relaxing)
 .debug_str     0x000000000000369c       0x4c /usr/lib/gcc/arm-none-eabi/10.3.1/../../../arm-none-eabi/lib/thumb/v7-m/nofp/libc_nano.a(lib_a-mlock.o)
                                        0x524 (size before relaxing)
 .debug_str     0x00000000000036e8       0x32 /usr/lib/gcc/arm-none-eabi/10.3.1/../../../arm-none-eabi/lib/thumb/v7-m/nofp/libc_nano.a(lib_a-readr.o)
                                        0x509 (size before relaxing)
 .debug_str     0x000000000000371a       0x5e /usr/lib/gcc/arm-none-eabi/10.3.1/../../../arm-none-eabi/lib/thumb/v7-m/nofp/libc_nano.a(lib_a-reent.o)
                                        0x536 (size before relaxing)
 .debug_str     0x0000000000003778       0xea /usr/lib/gcc/arm-none-eabi/10.3.1/../../../arm-none-eabi/lib/thumb/v7-m/nofp/libnosys.a(close.o)
                                        0x18c (size before relaxing)
 .debug_str     0x0000000000003862       0x2f /usr/lib/gcc/arm-none-eabi/10.3.1/../../../arm-none-eabi/lib/thumb/v7-m/nofp/libnosys.a(fstat.o)
                                        0x2d8 (size before relaxing)
 .debug_str     0x0000000000003891       0x30 /usr/lib/gcc/arm-none-eabi/10.3.1/../../../arm-none-eabi/lib/thumb/v7-m/nofp/libnosys.a(isatty.o)
                                        0x18c (size before relaxing)
 .debug_str     0x00000000000038c1       0x2f /usr/lib/gcc/arm-none-eabi/10.3.1/../../../arm-none-eabi/lib/thumb/v7-m/nofp/libnosys.a(lseek.o)
                                        0x18a (size before relaxing)
 .debug_str     0x00000000000038f0       0x2e /usr/lib/gcc/arm-none-eabi/10.3.1/../../../arm-none-eabi/lib/thumb/v7-m/nofp/libnosys.a(read.o)
                                        0x188 (size before relaxing)
 .debug_str     0x000000000000391e       0x3c /usr/lib/gcc/arm-none-eabi/10.3.1/../../../arm-none-eabi/lib/thumb/v7-m/nofp/libnosys.a(sbrk.o)
                                        0x109 (size before relaxing)

.debug_frame    0x0000000000000000     0x194c
 .debug_frame   0x0000000000000000       0x6c build/system_stm32f10x.o
 .debug_frame   0x000000000000006c       0x38 build/main.o
 .debug_frame   0x00000000000000a4       0x64 build/my_inits.o
 .debug_frame   0x0000000000000108       0x60 build/misc.o
 .debug_frame   0x0000000000000168      0x254 build/stm32f10x_flash.o
 .debug_frame   0x00000000000003bc      0x160 build/stm32f10x_gpio.o
 .debug_frame   0x000000000000051c      0x250 build/stm32f10x_i2c.o
 .debug_frame   0x000000000000076c      0x228 build/stm32f10x_rcc.o
 .debug_frame   0x0000000000000994      0x1e8 build/usb_core.o
 .debug_frame   0x0000000000000b7c       0x28 build/usb_init.o
 .debug_frame   0x0000000000000ba4       0x48 build/usb_int.o
 .debug_frame   0x0000000000000bec       0x30 build/usb_mem.o
 .debug_frame   0x0000000000000c1c      0x3e4 build/usb_regs.o
 .debug_frame   0x0000000000001000       0x58 build/usb_sil.o
 .debug_frame   0x0000000000001058       0x30 build/hw_config.o
 .debug_frame   0x0000000000001088       0x70 build/usb_endp.o
 .debug_frame   0x00000000000010f8       0x40 build/usb_istr.o
 .debug_frame   0x0000000000001138       0xfc build/usb_prop.o
 .debug_frame   0x0000000000001234       0x2c /usr/lib/gcc/arm-none-eabi/10.3.1/../../../arm-none-eabi/lib/thumb/v7-m/nofp/libc_nano.a(lib_a-init.o)