Archive member included to satisfy reference by file (symbol)

c:/program files (x86)/gnu tools arm embedded/5.4 2016q3/bin/../lib/gcc/arm-none-eabi/5.4.1/../../../../arm-none-eabi/lib/armv7-m\libg.a(lib_a-itoa.o)
                              ..\obj\usb_endp.o (itoa)
c:/program files (x86)/gnu tools arm embedded/5.4 2016q3/bin/../lib/gcc/arm-none-eabi/5.4.1/../../../../arm-none-eabi/lib/armv7-m\libg.a(lib_a-utoa.o)
                              c:/program files (x86)/gnu tools arm embedded/5.4 2016q3/bin/../lib/gcc/arm-none-eabi/5.4.1/../../../../arm-none-eabi/lib/armv7-m\libg.a(lib_a-itoa.o) (__utoa)

Allocating common symbols
Common symbol       size              file

SaveRState          0x2               ..\obj\usb_int.o
HSEStartUpStatus    0x1               ..\obj\my_inits.o
SaveState           0x2               ..\obj\usb_init.o
buffer_rx           0x40              ..\obj\usb_endp.o
wIstr               0x2               ..\obj\usb_istr.o
pProperty           0x4               ..\obj\usb_init.o
buffer_tx           0x40              ..\obj\usb_endp.o
EPindex             0x1               ..\obj\usb_init.o
SaveTState          0x2               ..\obj\usb_int.o
Device_Info         0x1c              ..\obj\usb_init.o
pUser_Standard_Requests
                    0x4               ..\obj\usb_init.o
StatusInfo          0x2               ..\obj\usb_core.o
pInformation        0x4               ..\obj\usb_init.o
bfd                 0xb               ..\obj\usb_endp.o
wInterrupt_Mask     0x2               ..\obj\usb_init.o
chipcmd             0xa               ..\obj\usb_prop.o

Discarded input sections

 .text          0x00000000        0x0 ..\obj\usb_core.o
 .data          0x00000000        0x0 ..\obj\usb_core.o
 .text          0x00000000        0x0 ..\obj\my_inits.o
 .data          0x00000000        0x0 ..\obj\my_inits.o
 .bss           0x00000000        0x0 ..\obj\my_inits.o
 .text          0x00000000        0x0 ..\obj\nrf24l01.o
 .data          0x00000000        0x0 ..\obj\nrf24l01.o
 .bss           0x00000000        0x0 ..\obj\nrf24l01.o
 .text.read_to_spi
                0x00000000       0x34 ..\obj\nrf24l01.o
 .text.NRF24_ReadReg
                0x00000000       0x58 ..\obj\nrf24l01.o
 .text.NRF24_Read_Buf
                0x00000000       0x58 ..\obj\nrf24l01.o
 .text.NRF24_Write_Buf
                0x00000000       0x64 ..\obj\nrf24l01.o
 .text          0x00000000        0x0 ..\obj\usb_int.o
 .data          0x00000000        0x0 ..\obj\usb_int.o
 .bss           0x00000000        0x0 ..\obj\usb_int.o
 .text          0x00000000        0x0 ..\obj\system_stm32f10x.o
 .bss           0x00000000        0x0 ..\obj\system_stm32f10x.o
 .text.SystemCoreClockUpdate
                0x00000000       0xd8 ..\obj\system_stm32f10x.o
 .text          0x00000000        0x0 ..\obj\startup_stm32f10x_hd.o
 .data          0x00000000        0x0 ..\obj\startup_stm32f10x_hd.o
 .bss           0x00000000        0x0 ..\obj\startup_stm32f10x_hd.o
 .text          0x00000000        0x0 ..\obj\usb_desc.o
 .bss           0x00000000        0x0 ..\obj\usb_desc.o
 .text          0x00000000        0x0 ..\obj\usb_regs.o
 .data          0x00000000        0x0 ..\obj\usb_regs.o
 .bss           0x00000000        0x0 ..\obj\usb_regs.o
 .text.SetCNTR  0x00000000       0x20 ..\obj\usb_regs.o
 .text.GetCNTR  0x00000000       0x18 ..\obj\usb_regs.o
 .text.SetISTR  0x00000000       0x20 ..\obj\usb_regs.o
 .text.GetISTR  0x00000000       0x18 ..\obj\usb_regs.o
 .text.GetFNR   0x00000000       0x18 ..\obj\usb_regs.o
 .text.SetDADDR
                0x00000000       0x20 ..\obj\usb_regs.o
 .text.GetDADDR
                0x00000000       0x18 ..\obj\usb_regs.o
 .text.GetBTABLE
                0x00000000       0x18 ..\obj\usb_regs.o
 .text.SetENDPOINT
                0x00000000       0x2c ..\obj\usb_regs.o
 .text.GetENDPOINT
                0x00000000       0x24 ..\obj\usb_regs.o
 .text.GetEPType
                0x00000000       0x2c ..\obj\usb_regs.o
 .text.SetDouBleBuffEPStall
                0x00000000       0x5c ..\obj\usb_regs.o
 .text.GetEPTxStatus
                0x00000000       0x2c ..\obj\usb_regs.o
 .text.GetEPRxStatus
                0x00000000       0x2c ..\obj\usb_regs.o
 .text.SetEPTxValid
                0x00000000       0x54 ..\obj\usb_regs.o
 .text.SetEP_KIND
                0x00000000       0x50 ..\obj\usb_regs.o
 .text.ClearEP_KIND
                0x00000000       0x48 ..\obj\usb_regs.o
 .text.Set_Status_Out
                0x00000000       0x50 ..\obj\usb_regs.o
 .text.SetEPDoubleBuff
                0x00000000       0x50 ..\obj\usb_regs.o
 .text.ClearEPDoubleBuff
                0x00000000       0x48 ..\obj\usb_regs.o
 .text.GetTxStallStatus
                0x00000000       0x34 ..\obj\usb_regs.o
 .text.GetRxStallStatus
                0x00000000       0x38 ..\obj\usb_regs.o
 .text.ClearEP_CTR_RX
                0x00000000       0x3c ..\obj\usb_regs.o
 .text.ClearEP_CTR_TX
                0x00000000       0x3c ..\obj\usb_regs.o
 .text.ToggleDTOG_RX
                0x00000000       0x44 ..\obj\usb_regs.o
 .text.ToggleDTOG_TX
                0x00000000       0x44 ..\obj\usb_regs.o
 .text.SetEPAddress
                0x00000000       0x4c ..\obj\usb_regs.o
 .text.GetEPAddress
                0x00000000       0x2c ..\obj\usb_regs.o
 .text.SetEPCountRxReg
                0x00000000       0x64 ..\obj\usb_regs.o
 .text.GetEPTxCount
                0x00000000       0x3c ..\obj\usb_regs.o
 .text.SetEPDblBuffAddr
                0x00000000       0x68 ..\obj\usb_regs.o
 .text.SetEPDblBuf0Addr
                0x00000000       0x44 ..\obj\usb_regs.o
 .text.SetEPDblBuf1Addr
                0x00000000       0x44 ..\obj\usb_regs.o
 .text.GetEPDblBuf0Addr
                0x00000000       0x34 ..\obj\usb_regs.o
 .text.GetEPDblBuf1Addr
                0x00000000       0x34 ..\obj\usb_regs.o
 .text.SetEPDblBuffCount
                0x00000000      0x13c ..\obj\usb_regs.o
 .text.SetEPDblBuf0Count
                0x00000000       0xb0 ..\obj\usb_regs.o
 .text.SetEPDblBuf1Count
                0x00000000       0xb0 ..\obj\usb_regs.o
 .text.GetEPDblBuf0Count
                0x00000000       0x3c ..\obj\usb_regs.o
 .text.GetEPDblBuf1Count
                0x00000000       0x3c ..\obj\usb_regs.o
 .text.GetEPDblBufDir
                0x00000000       0x6c ..\obj\usb_regs.o
 .text.FreeUserBuffer
                0x00000000       0x84 ..\obj\usb_regs.o
 .text.ToWord   0x00000000       0x2c ..\obj\usb_regs.o
 .text          0x00000000        0x0 ..\obj\hw_config.o
 .data          0x00000000        0x0 ..\obj\hw_config.o
 .bss           0x00000000        0x0 ..\obj\hw_config.o
 .text          0x00000000        0x0 ..\obj\stm32f10x_gpio.o
 .data          0x00000000        0x0 ..\obj\stm32f10x_gpio.o
 .bss           0x00000000        0x0 ..\obj\stm32f10x_gpio.o
 .text.GPIO_DeInit
                0x00000000       0xe4 ..\obj\stm32f10x_gpio.o
 .text.GPIO_AFIODeInit
                0x00000000       0x18 ..\obj\stm32f10x_gpio.o
 .text.GPIO_StructInit
                0x00000000       0x28 ..\obj\stm32f10x_gpio.o
 .text.GPIO_ReadInputDataBit
                0x00000000       0x34 ..\obj\stm32f10x_gpio.o
 .text.GPIO_ReadInputData
                0x00000000       0x18 ..\obj\stm32f10x_gpio.o
 .text.GPIO_ReadOutputDataBit
                0x00000000       0x34 ..\obj\stm32f10x_gpio.o
 .text.GPIO_ReadOutputData
                0x00000000       0x18 ..\obj\stm32f10x_gpio.o
 .text.GPIO_WriteBit
                0x00000000       0x30 ..\obj\stm32f10x_gpio.o
 .text.GPIO_Write
                0x00000000       0x1c ..\obj\stm32f10x_gpio.o
 .text.GPIO_PinLockConfig
                0x00000000       0x44 ..\obj\stm32f10x_gpio.o
 .text.GPIO_EventOutputConfig
                0x00000000       0x4c ..\obj\stm32f10x_gpio.o
 .text.GPIO_EventOutputCmd
                0x00000000       0x20 ..\obj\stm32f10x_gpio.o
 .text.GPIO_PinRemapConfig
                0x00000000       0xe0 ..\obj\stm32f10x_gpio.o
 .text.GPIO_EXTILineConfig
                0x00000000       0x84 ..\obj\stm32f10x_gpio.o
 .text.GPIO_ETH_MediaInterfaceConfig
                0x00000000       0x1c ..\obj\stm32f10x_gpio.o
 .text          0x00000000        0x0 ..\obj\usb_prop.o
 .bss           0x00000000        0x0 ..\obj\usb_prop.o
 .text          0x00000000        0x0 ..\obj\usb_init.o
 .data          0x00000000        0x0 ..\obj\usb_init.o
 .bss           0x00000000        0x0 ..\obj\usb_init.o
 .text          0x00000000        0x0 ..\obj\main.o
 .data          0x00000000        0x0 ..\obj\main.o
 .bss           0x00000000        0x0 ..\obj\main.o
 .text          0x00000000        0x0 ..\obj\stm32f10x_rcc.o
 .bss           0x00000000        0x0 ..\obj\stm32f10x_rcc.o
 .text.RCC_AdjustHSICalibrationValue
                0x00000000       0x3c ..\obj\stm32f10x_rcc.o
 .text.RCC_HSICmd
                0x00000000       0x20 ..\obj\stm32f10x_rcc.o
 .text.RCC_ITConfig
                0x00000000       0x4c ..\obj\stm32f10x_rcc.o
 .text.RCC_ADCCLKConfig
                0x00000000       0x38 ..\obj\stm32f10x_rcc.o
 .text.RCC_LSEConfig
                0x00000000       0x40 ..\obj\stm32f10x_rcc.o
 .text.RCC_LSICmd
                0x00000000       0x20 ..\obj\stm32f10x_rcc.o
 .text.RCC_RTCCLKConfig
                0x00000000       0x24 ..\obj\stm32f10x_rcc.o
 .text.RCC_RTCCLKCmd
                0x00000000       0x20 ..\obj\stm32f10x_rcc.o
 .text.RCC_AHBPeriphClockCmd
                0x00000000       0x3c ..\obj\stm32f10x_rcc.o
 .text.RCC_APB2PeriphResetCmd
                0x00000000       0x3c ..\obj\stm32f10x_rcc.o
 .text.RCC_APB1PeriphResetCmd
                0x00000000       0x3c ..\obj\stm32f10x_rcc.o
 .text.RCC_BackupResetCmd
                0x00000000       0x20 ..\obj\stm32f10x_rcc.o
 .text.RCC_ClockSecuritySystemCmd
                0x00000000       0x20 ..\obj\stm32f10x_rcc.o
 .text.RCC_MCOConfig
                0x00000000       0x20 ..\obj\stm32f10x_rcc.o
 .text.RCC_ClearFlag
                0x00000000       0x1c ..\obj\stm32f10x_rcc.o
 .text.RCC_GetITStatus
                0x00000000       0x34 ..\obj\stm32f10x_rcc.o
 .text.RCC_ClearITPendingBit
                0x00000000       0x20 ..\obj\stm32f10x_rcc.o
 .text          0x00000000        0x0 ..\obj\usb_sil.o
 .data          0x00000000        0x0 ..\obj\usb_sil.o
 .bss           0x00000000        0x0 ..\obj\usb_sil.o
 .text.USB_SIL_Write
                0x00000000       0x4c ..\obj\usb_sil.o
 .text.USB_SIL_Read
                0x00000000       0x4c ..\obj\usb_sil.o
 .text          0x00000000        0x0 ..\obj\stm32f10x_flash.o
 .data          0x00000000        0x0 ..\obj\stm32f10x_flash.o
 .bss           0x00000000        0x0 ..\obj\stm32f10x_flash.o
 .text.FLASH_HalfCycleAccessCmd
                0x00000000       0x30 ..\obj\stm32f10x_flash.o
 .text.FLASH_Unlock
                0x00000000       0x24 ..\obj\stm32f10x_flash.o
 .text.FLASH_UnlockBank1
                0x00000000       0x24 ..\obj\stm32f10x_flash.o
 .text.FLASH_Lock
                0x00000000       0x1c ..\obj\stm32f10x_flash.o
 .text.FLASH_LockBank1
                0x00000000       0x1c ..\obj\stm32f10x_flash.o
 .text.FLASH_ErasePage
                0x00000000       0x64 ..\obj\stm32f10x_flash.o
 .text.FLASH_EraseAllPages
                0x00000000       0x5c ..\obj\stm32f10x_flash.o
 .text.FLASH_EraseAllBank1Pages
                0x00000000       0x5c ..\obj\stm32f10x_flash.o
 .text.FLASH_EraseOptionBytes
                0x00000000       0xd4 ..\obj\stm32f10x_flash.o
 .text.FLASH_ProgramWord
                0x00000000       0x94 ..\obj\stm32f10x_flash.o
 .text.FLASH_ProgramHalfWord
                0x00000000       0x5c ..\obj\stm32f10x_flash.o
 .text.FLASH_ProgramOptionByteData
                0x00000000       0x78 ..\obj\stm32f10x_flash.o
 .text.FLASH_EnableWriteProtection
                0x00000000      0x118 ..\obj\stm32f10x_flash.o
 .text.FLASH_ReadOutProtection
                0x00000000       0xd4 ..\obj\stm32f10x_flash.o
 .text.FLASH_UserOptionByteConfig
                0x00000000       0x94 ..\obj\stm32f10x_flash.o
 .text.FLASH_GetUserOptionByte
                0x00000000       0x18 ..\obj\stm32f10x_flash.o
 .text.FLASH_GetWriteProtectionOptionByte
                0x00000000       0x14 ..\obj\stm32f10x_flash.o
 .text.FLASH_GetReadOutProtectionStatus
                0x00000000       0x30 ..\obj\stm32f10x_flash.o
 .text.FLASH_GetPrefetchBufferStatus
                0x00000000       0x30 ..\obj\stm32f10x_flash.o
 .text.FLASH_ITConfig
                0x00000000       0x3c ..\obj\stm32f10x_flash.o
 .text.FLASH_GetFlagStatus
                0x00000000       0x50 ..\obj\stm32f10x_flash.o
 .text.FLASH_ClearFlag
                0x00000000       0x1c ..\obj\stm32f10x_flash.o
 .text.FLASH_GetStatus
                0x00000000       0x54 ..\obj\stm32f10x_flash.o
 .text.FLASH_GetBank1Status
                0x00000000       0x54 ..\obj\stm32f10x_flash.o
 .text.FLASH_WaitForLastOperation
                0x00000000       0x44 ..\obj\stm32f10x_flash.o
 .text.FLASH_WaitForLastBank1Operation
                0x00000000       0x44 ..\obj\stm32f10x_flash.o
 .text          0x00000000        0x0 ..\obj\usb_endp.o
 .data          0x00000000        0x0 ..\obj\usb_endp.o
 .text          0x00000000        0x0 ..\obj\lcd.o
 .data          0x00000000       0x10 ..\obj\lcd.o
 .bss           0x00000000        0x0 ..\obj\lcd.o
 .text.LCD_mode
                0x00000000       0x48 ..\obj\lcd.o
 .text.LCD_Printf
                0x00000000      0x110 ..\obj\lcd.o
 .text.LCD_Set_Row
                0x00000000       0x40 ..\obj\lcd.o
 .text.LCD_Write_Column
                0x00000000       0x28 ..\obj\lcd.o
 .text.LCD_Put_Line
                0x00000000       0x9c ..\obj\lcd.o
 .text.LCD_Hex  0x00000000       0x40 ..\obj\lcd.o
 .text          0x00000000        0x0 ..\obj\misc.o
 .data          0x00000000        0x0 ..\obj\misc.o
 .bss           0x00000000        0x0 ..\obj\misc.o
 .text.NVIC_SetVectorTable
                0x00000000       0x2c ..\obj\misc.o
 .text.NVIC_SystemLPConfig
                0x00000000       0x40 ..\obj\misc.o
 .text.SysTick_CLKSourceConfig
                0x00000000       0x38 ..\obj\misc.o
 .text          0x00000000        0x0 ..\obj\stm32f10x_spi.o
 .data          0x00000000        0x0 ..\obj\stm32f10x_spi.o
 .bss           0x00000000        0x0 ..\obj\stm32f10x_spi.o
 .text.SPI_I2S_DeInit
                0x00000000       0x74 ..\obj\stm32f10x_spi.o
 .text.I2S_Init
                0x00000000      0x168 ..\obj\stm32f10x_spi.o
 .text.I2S_StructInit
                0x00000000       0x38 ..\obj\stm32f10x_spi.o
 .text.I2S_Cmd  0x00000000       0x40 ..\obj\stm32f10x_spi.o
 .text.SPI_I2S_ITConfig
                0x00000000       0x60 ..\obj\stm32f10x_spi.o
 .text.SPI_I2S_DMACmd
                0x00000000       0x48 ..\obj\stm32f10x_spi.o
 .text.SPI_I2S_ReceiveData
                0x00000000       0x18 ..\obj\stm32f10x_spi.o
 .text.SPI_NSSInternalSoftwareConfig
                0x00000000       0x44 ..\obj\stm32f10x_spi.o
 .text.SPI_SSOutputCmd
                0x00000000       0x40 ..\obj\stm32f10x_spi.o
 .text.SPI_DataSizeConfig
                0x00000000       0x38 ..\obj\stm32f10x_spi.o
 .text.SPI_TransmitCRC
                0x00000000       0x24 ..\obj\stm32f10x_spi.o
 .text.SPI_CalculateCRC
                0x00000000       0x40 ..\obj\stm32f10x_spi.o
 .text.SPI_GetCRC
                0x00000000       0x30 ..\obj\stm32f10x_spi.o
 .text.SPI_GetCRCPolynomial
                0x00000000       0x18 ..\obj\stm32f10x_spi.o
 .text.SPI_BiDirectionalLineConfig
                0x00000000       0x40 ..\obj\stm32f10x_spi.o
 .text.SPI_I2S_ClearFlag
                0x00000000       0x20 ..\obj\stm32f10x_spi.o
 .text.SPI_I2S_GetITStatus
                0x00000000       0x74 ..\obj\stm32f10x_spi.o
 .text.SPI_I2S_ClearITPendingBit
                0x00000000       0x34 ..\obj\stm32f10x_spi.o
 .text          0x00000000        0x0 ..\obj\stm32f10x_i2c.o
 .data          0x00000000        0x0 ..\obj\stm32f10x_i2c.o
 .bss           0x00000000        0x0 ..\obj\stm32f10x_i2c.o
 .text.I2C_DeInit
                0x00000000       0x48 ..\obj\stm32f10x_i2c.o
 .text.I2C_DMACmd
                0x00000000       0x40 ..\obj\stm32f10x_i2c.o
 .text.I2C_DMALastTransferCmd
                0x00000000       0x40 ..\obj\stm32f10x_i2c.o
 .text.I2C_AcknowledgeConfig
                0x00000000       0x40 ..\obj\stm32f10x_i2c.o
 .text.I2C_OwnAddress2Config
                0x00000000       0x44 ..\obj\stm32f10x_i2c.o
 .text.I2C_DualAddressCmd
                0x00000000       0x40 ..\obj\stm32f10x_i2c.o
 .text.I2C_GeneralCallCmd
                0x00000000       0x40 ..\obj\stm32f10x_i2c.o
 .text.I2C_ITConfig
                0x00000000       0x48 ..\obj\stm32f10x_i2c.o
 .text.I2C_ReceiveData
                0x00000000       0x1c ..\obj\stm32f10x_i2c.o
 .text.I2C_ReadRegister
                0x00000000       0x2c ..\obj\stm32f10x_i2c.o
 .text.I2C_SoftwareResetCmd
                0x00000000       0x44 ..\obj\stm32f10x_i2c.o
 .text.I2C_NACKPositionConfig
                0x00000000       0x40 ..\obj\stm32f10x_i2c.o
 .text.I2C_SMBusAlertConfig
                0x00000000       0x40 ..\obj\stm32f10x_i2c.o
 .text.I2C_TransmitPEC
                0x00000000       0x40 ..\obj\stm32f10x_i2c.o
 .text.I2C_PECPositionConfig
                0x00000000       0x40 ..\obj\stm32f10x_i2c.o
 .text.I2C_CalculatePEC
                0x00000000       0x40 ..\obj\stm32f10x_i2c.o
 .text.I2C_GetPEC
                0x00000000       0x20 ..\obj\stm32f10x_i2c.o
 .text.I2C_ARPCmd
                0x00000000       0x40 ..\obj\stm32f10x_i2c.o
 .text.I2C_StretchClockCmd
                0x00000000       0x40 ..\obj\stm32f10x_i2c.o
 .text.I2C_FastModeDutyCycleConfig
                0x00000000       0x40 ..\obj\stm32f10x_i2c.o
 .text.I2C_GetLastEvent
                0x00000000       0x44 ..\obj\stm32f10x_i2c.o
 .text.I2C_ClearFlag
                0x00000000       0x2c ..\obj\stm32f10x_i2c.o
 .text.I2C_GetITStatus
                0x00000000       0x58 ..\obj\stm32f10x_i2c.o
 .text.I2C_ClearITPendingBit
                0x00000000       0x2c ..\obj\stm32f10x_i2c.o
 .text          0x00000000        0x0 ..\obj\usb_mem.o
 .data          0x00000000        0x0 ..\obj\usb_mem.o
 .bss           0x00000000        0x0 ..\obj\usb_mem.o
 .text          0x00000000        0x0 ..\obj\usb_istr.o
 .bss           0x00000000        0x1 ..\obj\usb_istr.o
 .text          0x00000000        0x0 c:/program files (x86)/gnu tools arm embedded/5.4 2016q3/bin/../lib/gcc/arm-none-eabi/5.4.1/../../../../arm-none-eabi/lib/armv7-m\libg.a(lib_a-itoa.o)
 .data          0x00000000        0x0 c:/program files (x86)/gnu tools arm embedded/5.4 2016q3/bin/../lib/gcc/arm-none-eabi/5.4.1/../../../../arm-none-eabi/lib/armv7-m\libg.a(lib_a-itoa.o)
 .bss           0x00000000        0x0 c:/program files (x86)/gnu tools arm embedded/5.4 2016q3/bin/../lib/gcc/arm-none-eabi/5.4.1/../../../../arm-none-eabi/lib/armv7-m\libg.a(lib_a-itoa.o)
 .text          0x00000000        0x0 c:/program files (x86)/gnu tools arm embedded/5.4 2016q3/bin/../lib/gcc/arm-none-eabi/5.4.1/../../../../arm-none-eabi/lib/armv7-m\libg.a(lib_a-utoa.o)
 .data          0x00000000        0x0 c:/program files (x86)/gnu tools arm embedded/5.4 2016q3/bin/../lib/gcc/arm-none-eabi/5.4.1/../../../../arm-none-eabi/lib/armv7-m\libg.a(lib_a-utoa.o)
 .bss           0x00000000        0x0 c:/program files (x86)/gnu tools arm embedded/5.4 2016q3/bin/../lib/gcc/arm-none-eabi/5.4.1/../../../../arm-none-eabi/lib/armv7-m\libg.a(lib_a-utoa.o)
 .text.utoa     0x00000000        0x4 c:/program files (x86)/gnu tools arm embedded/5.4 2016q3/bin/../lib/gcc/arm-none-eabi/5.4.1/../../../../arm-none-eabi/lib/armv7-m\libg.a(lib_a-utoa.o)

Memory Configuration

Name             Origin             Length             Attributes
rom              0x08000000         0x00040000         xr
ram              0x20000000         0x0000c000         xrw
*default*        0x00000000         0xffffffff

Linker script and memory map

                0x2000c000                _eram = 0x2000c000

.text           0x08000000     0x3ab8
 *(.isr_vector)
 .isr_vector    0x08000000      0x134 ..\obj\startup_stm32f10x_hd.o
                0x08000000                g_pfnVectors
 *(.text*)
 .text.Standard_GetConfiguration
                0x08000134       0x3c ..\obj\usb_core.o
                0x08000134                Standard_GetConfiguration
 .text.Standard_SetConfiguration
                0x08000170       0x50 ..\obj\usb_core.o
                0x08000170                Standard_SetConfiguration
 .text.Standard_GetInterface
                0x080001c0       0x3c ..\obj\usb_core.o
                0x080001c0                Standard_GetInterface
 .text.Standard_SetInterface
                0x080001fc       0x88 ..\obj\usb_core.o
                0x080001fc                Standard_SetInterface
 .text.Standard_GetStatus
                0x08000284      0x138 ..\obj\usb_core.o
                0x08000284                Standard_GetStatus
 .text.Standard_ClearFeature
                0x080003bc      0x1d8 ..\obj\usb_core.o
                0x080003bc                Standard_ClearFeature
 .text.Standard_SetEndPointFeature
                0x08000594      0x114 ..\obj\usb_core.o
                0x08000594                Standard_SetEndPointFeature
 .text.Standard_SetDeviceFeature
                0x080006a8       0x2c ..\obj\usb_core.o
                0x080006a8                Standard_SetDeviceFeature
 .text.Standard_GetDescriptorData
                0x080006d4       0x48 ..\obj\usb_core.o
                0x080006d4                Standard_GetDescriptorData
 .text.DataStageOut
                0x0800071c      0x104 ..\obj\usb_core.o
 .text.DataStageIn
                0x08000820      0x10c ..\obj\usb_core.o
 .text.NoData_Setup0
                0x0800092c      0x194 ..\obj\usb_core.o
 .text.Data_Setup0
                0x08000ac0      0x32c ..\obj\usb_core.o
 .text.Setup0_Process
                0x08000dec       0xd8 ..\obj\usb_core.o
                0x08000dec                Setup0_Process
 .text.In0_Process
                0x08000ec4       0x90 ..\obj\usb_core.o
                0x08000ec4                In0_Process
 .text.Out0_Process
                0x08000f54       0x74 ..\obj\usb_core.o
                0x08000f54                Out0_Process
 .text.Post0_Process
                0x08000fc8       0x50 ..\obj\usb_core.o
                0x08000fc8                Post0_Process
 .text.SetDeviceAddress
                0x08001018       0x7c ..\obj\usb_core.o
                0x08001018                SetDeviceAddress
 .text.NOP_Process
                0x08001094        0xc ..\obj\usb_core.o
                0x08001094                NOP_Process
 .text.init_my_gpio
                0x080010a0      0x1b4 ..\obj\my_inits.o
                0x080010a0                init_my_gpio
 .text.init_my_clock
                0x08001254       0x80 ..\obj\my_inits.o
                0x08001254                init_my_clock
 .text.init_usb_clock
                0x080012d4       0x18 ..\obj\my_inits.o
                0x080012d4                init_usb_clock
 .text.write_to_spi
                0x080012ec       0x34 ..\obj\nrf24l01.o
                0x080012ec                write_to_spi
 .text.DelayMicro
                0x08001320       0x3c ..\obj\nrf24l01.o
 .text.NRF24_Init
                0x0800135c       0xc0 ..\obj\nrf24l01.o
                0x0800135c                NRF24_Init
 .text.NRF24_WriteReg
                0x0800141c       0x44 ..\obj\nrf24l01.o
                0x0800141c                NRF24_WriteReg
 .text.NRF24_ToggleFeatures
                0x08001460       0x30 ..\obj\nrf24l01.o
                0x08001460                NRF24_ToggleFeatures
 .text.NRF24_FlushRX
                0x08001490       0x28 ..\obj\nrf24l01.o
                0x08001490                NRF24_FlushRX
 .text.NRF24_FlushTX
                0x080014b8       0x28 ..\obj\nrf24l01.o
                0x080014b8                NRF24_FlushTX
 .text.NRF24L01_RX_Mode
                0x080014e0       0x2c ..\obj\nrf24l01.o
                0x080014e0                NRF24L01_RX_Mode
 .text.CTR_LP   0x0800150c      0x300 ..\obj\usb_int.o
                0x0800150c                CTR_LP
 .text.CTR_HP   0x0800180c       0xf0 ..\obj\usb_int.o
                0x0800180c                CTR_HP
 .text.SystemInit
                0x080018fc       0x68 ..\obj\system_stm32f10x.o
                0x080018fc                SystemInit
 .text.SetSysClock
                0x08001964        0xc ..\obj\system_stm32f10x.o
 .text.SetSysClockTo72
                0x08001970      0x100 ..\obj\system_stm32f10x.o
 .text.Default_Reset_Handler
                0x08001a70       0x60 ..\obj\startup_stm32f10x_hd.o
                0x08001a70                Default_Reset_Handler
                0x08001a70                Reset_Handler
 .text.Default_Handler
                0x08001ad0        0x8 ..\obj\startup_stm32f10x_hd.o
                0x08001ad0                EXTI2_IRQHandler
                0x08001ad0                TIM8_TRG_COM_IRQHandler
                0x08001ad0                TIM8_CC_IRQHandler
                0x08001ad0                DebugMon_Handler
                0x08001ad0                TIM1_CC_IRQHandler
                0x08001ad0                HardFault_Handler
                0x08001ad0                TIM6_IRQHandler
                0x08001ad0                SysTick_Handler
                0x08001ad0                PVD_IRQHandler
                0x08001ad0                SDIO_IRQHandler
                0x08001ad0                PendSV_Handler
                0x08001ad0                NMI_Handler
                0x08001ad0                EXTI3_IRQHandler
                0x08001ad0                EXTI0_IRQHandler
                0x08001ad0                I2C2_EV_IRQHandler
                0x08001ad0                UsageFault_Handler
                0x08001ad0                ADC1_2_IRQHandler
                0x08001ad0                SPI1_IRQHandler
                0x08001ad0                TAMPER_IRQHandler
                0x08001ad0                TIM8_UP_IRQHandler
                0x08001ad0                DMA2_Channel2_IRQHandler
                0x08001ad0                DMA1_Channel4_IRQHandler
                0x08001ad0                USART3_IRQHandler
                0x08001ad0                RTC_IRQHandler
                0x08001ad0                DMA1_Channel7_IRQHandler
                0x08001ad0                CAN1_RX1_IRQHandler
                0x08001ad0                UART5_IRQHandler
                0x08001ad0                ADC3_IRQHandler
                0x08001ad0                TIM4_IRQHandler
                0x08001ad0                DMA2_Channel1_IRQHandler
                0x08001ad0                I2C1_EV_IRQHandler
                0x08001ad0                DMA1_Channel6_IRQHandler
                0x08001ad0                UART4_IRQHandler
                0x08001ad0                TIM3_IRQHandler
                0x08001ad0                RCC_IRQHandler
                0x08001ad0                TIM1_TRG_COM_IRQHandler
                0x08001ad0                DMA1_Channel1_IRQHandler
                0x08001ad0                EXTI15_10_IRQHandler
                0x08001ad0                TIM7_IRQHandler
                0x08001ad0                TIM5_IRQHandler
                0x08001ad0                EXTI9_5_IRQHandler
                0x08001ad0                SPI2_IRQHandler
                0x08001ad0                MemManage_Handler
                0x08001ad0                SVC_Handler
                0x08001ad0                DMA1_Channel5_IRQHandler
                0x08001ad0                EXTI4_IRQHandler
                0x08001ad0                DMA1_Channel3_IRQHandler
                0x08001ad0                FSMC_IRQHandler
                0x08001ad0                TIM1_UP_IRQHandler
                0x08001ad0                WWDG_IRQHandler
                0x08001ad0                TIM2_IRQHandler
                0x08001ad0                TIM1_BRK_IRQHandler
                0x08001ad0                EXTI1_IRQHandler
                0x08001ad0                RTCAlarm_IRQHandler
                0x08001ad0                DMA2_Channel4_5_IRQHandler
                0x08001ad0                USART2_IRQHandler
                0x08001ad0                I2C2_ER_IRQHandler
                0x08001ad0                DMA1_Channel2_IRQHandler
                0x08001ad0                TIM8_BRK_IRQHandler
                0x08001ad0                CAN1_SCE_IRQHandler
                0x08001ad0                FLASH_IRQHandler
                0x08001ad0                BusFault_Handler
                0x08001ad0                USART1_IRQHandler
                0x08001ad0                SPI3_IRQHandler
                0x08001ad0                I2C1_ER_IRQHandler
                0x08001ad0                USBWakeUp_IRQHandler
                0x08001ad0                DMA2_Channel3_IRQHandler
 .text.SetBTABLE
                0x08001ad8       0x24 ..\obj\usb_regs.o
                0x08001ad8                SetBTABLE
 .text.SetEPType
                0x08001afc       0x4c ..\obj\usb_regs.o
                0x08001afc                SetEPType
 .text.SetEPTxStatus
                0x08001b48       0x70 ..\obj\usb_regs.o
                0x08001b48                SetEPTxStatus
 .text.SetEPRxStatus
                0x08001bb8       0x70 ..\obj\usb_regs.o
                0x08001bb8                SetEPRxStatus
 .text.SetEPRxValid
                0x08001c28       0x54 ..\obj\usb_regs.o
                0x08001c28                SetEPRxValid
 .text.Clear_Status_Out
                0x08001c7c       0x48 ..\obj\usb_regs.o
                0x08001c7c                Clear_Status_Out
 .text.ClearDTOG_RX
                0x08001cc4       0x5c ..\obj\usb_regs.o
                0x08001cc4                ClearDTOG_RX
 .text.ClearDTOG_TX
                0x08001d20       0x5c ..\obj\usb_regs.o
                0x08001d20                ClearDTOG_TX
 .text.SetEPTxAddr
                0x08001d7c       0x44 ..\obj\usb_regs.o
                0x08001d7c                SetEPTxAddr
 .text.SetEPRxAddr
                0x08001dc0       0x44 ..\obj\usb_regs.o
                0x08001dc0                SetEPRxAddr
 .text.GetEPTxAddr
                0x08001e04       0x34 ..\obj\usb_regs.o
                0x08001e04                GetEPTxAddr
 .text.GetEPRxAddr
                0x08001e38       0x34 ..\obj\usb_regs.o
                0x08001e38                GetEPRxAddr
 .text.SetEPTxCount
                0x08001e6c       0x3c ..\obj\usb_regs.o
                0x08001e6c                SetEPTxCount
 .text.SetEPRxCount
                0x08001ea8       0x84 ..\obj\usb_regs.o
                0x08001ea8                SetEPRxCount
 .text.GetEPRxCount
                0x08001f2c       0x3c ..\obj\usb_regs.o
                0x08001f2c                GetEPRxCount
 .text.ByteSwap
                0x08001f68       0x30 ..\obj\usb_regs.o
                0x08001f68                ByteSwap
 .text.USB_Interrupts_Config
                0x08001f98       0x48 ..\obj\hw_config.o
                0x08001f98                USB_Interrupts_Config
 .text.GPIO_Init
                0x08001fe0      0x178 ..\obj\stm32f10x_gpio.o
                0x08001fe0                GPIO_Init
 .text.GPIO_SetBits
                0x08002158       0x1c ..\obj\stm32f10x_gpio.o
                0x08002158                GPIO_SetBits
 .text.GPIO_ResetBits
                0x08002174       0x1c ..\obj\stm32f10x_gpio.o
                0x08002174                GPIO_ResetBits
 .text.Device_init
                0x08002190       0x48 ..\obj\usb_prop.o
                0x08002190                Device_init
 .text.Device_Reset
                0x080021d8       0xcc ..\obj\usb_prop.o
                0x080021d8                Device_Reset
 .text.Device_Data_Setup
                0x080022a4       0x44 ..\obj\usb_prop.o
                0x080022a4                Device_Data_Setup
 .text.My_Request
                0x080022e8       0x34 ..\obj\usb_prop.o
                0x080022e8                My_Request
 .text.Device_NoData_Setup
                0x0800231c       0x18 ..\obj\usb_prop.o
                0x0800231c                Device_NoData_Setup
 .text.Device_Get_Interface_Setting
                0x08002334       0x30 ..\obj\usb_prop.o
                0x08002334                Device_Get_Interface_Setting
 .text.Device_GetDeviceDescriptor
                0x08002364       0x24 ..\obj\usb_prop.o
                0x08002364                Device_GetDeviceDescriptor
 .text.Device_GetConfigDescriptor
                0x08002388       0x24 ..\obj\usb_prop.o
                0x08002388                Device_GetConfigDescriptor
 .text.Device_GetStringDescriptor
                0x080023ac       0x40 ..\obj\usb_prop.o
                0x080023ac                Device_GetStringDescriptor
 .text.USB_Init
                0x080023ec       0x44 ..\obj\usb_init.o
                0x080023ec                USB_Init
 .text.main     0x08002430       0x34 ..\obj\main.o
                0x08002430                main
 .text.RCC_DeInit
                0x08002464       0x5c ..\obj\stm32f10x_rcc.o
                0x08002464                RCC_DeInit
 .text.RCC_HSEConfig
                0x080024c0       0x5c ..\obj\stm32f10x_rcc.o
                0x080024c0                RCC_HSEConfig
 .text.RCC_WaitForHSEStartUp
                0x0800251c       0x50 ..\obj\stm32f10x_rcc.o
                0x0800251c                RCC_WaitForHSEStartUp
 .text.RCC_PLLConfig
                0x0800256c       0x3c ..\obj\stm32f10x_rcc.o
                0x0800256c                RCC_PLLConfig
 .text.RCC_PLLCmd
                0x080025a8       0x20 ..\obj\stm32f10x_rcc.o
                0x080025a8                RCC_PLLCmd
 .text.RCC_SYSCLKConfig
                0x080025c8       0x38 ..\obj\stm32f10x_rcc.o
                0x080025c8                RCC_SYSCLKConfig
 .text.RCC_GetSYSCLKSource
                0x08002600       0x1c ..\obj\stm32f10x_rcc.o
                0x08002600                RCC_GetSYSCLKSource
 .text.RCC_HCLKConfig
                0x0800261c       0x38 ..\obj\stm32f10x_rcc.o
                0x0800261c                RCC_HCLKConfig
 .text.RCC_PCLK1Config
                0x08002654       0x38 ..\obj\stm32f10x_rcc.o
                0x08002654                RCC_PCLK1Config
 .text.RCC_PCLK2Config
                0x0800268c       0x38 ..\obj\stm32f10x_rcc.o
                0x0800268c                RCC_PCLK2Config
 .text.RCC_USBCLKConfig
                0x080026c4       0x1c ..\obj\stm32f10x_rcc.o
                0x080026c4                RCC_USBCLKConfig
 .text.RCC_GetClocksFreq
                0x080026e0      0x160 ..\obj\stm32f10x_rcc.o
                0x080026e0                RCC_GetClocksFreq
 .text.RCC_APB2PeriphClockCmd
                0x08002840       0x3c ..\obj\stm32f10x_rcc.o
                0x08002840                RCC_APB2PeriphClockCmd
 .text.RCC_APB1PeriphClockCmd
                0x0800287c       0x3c ..\obj\stm32f10x_rcc.o
                0x0800287c                RCC_APB1PeriphClockCmd
 .text.RCC_GetFlagStatus
                0x080028b8       0x74 ..\obj\stm32f10x_rcc.o
                0x080028b8                RCC_GetFlagStatus
 .text.USB_SIL_Init
                0x0800292c       0x30 ..\obj\usb_sil.o
                0x0800292c                USB_SIL_Init
 .text.FLASH_SetLatency
                0x0800295c       0x38 ..\obj\stm32f10x_flash.o
                0x0800295c                FLASH_SetLatency
 .text.FLASH_PrefetchBufferCmd
                0x08002994       0x30 ..\obj\stm32f10x_flash.o
                0x08002994                FLASH_PrefetchBufferCmd
 .text.EP1_OUT_Callback
                0x080029c4        0xc ..\obj\usb_endp.o
                0x080029c4                EP1_OUT_Callback
 .text.EP2_IN_Callback
                0x080029d0        0xc ..\obj\usb_endp.o
                0x080029d0                EP2_IN_Callback
 .text.Device_OUT_Data
                0x080029dc       0x44 ..\obj\usb_endp.o
                0x080029dc                Device_OUT_Data
 .text.Device_IN_Data
                0x08002a20       0xbc ..\obj\usb_endp.o
                0x08002a20                Device_IN_Data
 .text.I2C_Start
                0x08002adc       0x58 ..\obj\lcd.o
                0x08002adc                I2C_Start
 .text.I2C_Stop
                0x08002b34       0x28 ..\obj\lcd.o
                0x08002b34                I2C_Stop
 .text.I2C_write
                0x08002b5c       0x34 ..\obj\lcd.o
                0x08002b5c                I2C_write
 .text.LCD_Init
                0x08002b90       0x7c ..\obj\lcd.o
                0x08002b90                LCD_Init
 .text.LCD_Gotoxy
                0x08002c0c       0x48 ..\obj\lcd.o
                0x08002c0c                LCD_Gotoxy
 .text.LCD_Clear
                0x08002c54       0x40 ..\obj\lcd.o
                0x08002c54                LCD_Clear
 .text.LCD_String
                0x08002c94       0x90 ..\obj\lcd.o
                0x08002c94                LCD_String
 .text.LCD_Char
                0x08002d24       0x88 ..\obj\lcd.o
                0x08002d24                LCD_Char
 .text.Delay    0x08002dac       0x40 ..\obj\lcd.o
                0x08002dac                Delay
 .text.NVIC_PriorityGroupConfig
                0x08002dec       0x24 ..\obj\misc.o
                0x08002dec                NVIC_PriorityGroupConfig
 .text.NVIC_Init
                0x08002e10       0xc4 ..\obj\misc.o
                0x08002e10                NVIC_Init
 .text.SPI_Init
                0x08002ed4       0x88 ..\obj\stm32f10x_spi.o
                0x08002ed4                SPI_Init
 .text.SPI_StructInit
                0x08002f5c       0x48 ..\obj\stm32f10x_spi.o
                0x08002f5c                SPI_StructInit
 .text.SPI_Cmd  0x08002fa4       0x40 ..\obj\stm32f10x_spi.o
                0x08002fa4                SPI_Cmd
 .text.SPI_I2S_SendData
                0x08002fe4       0x1c ..\obj\stm32f10x_spi.o
                0x08002fe4                SPI_I2S_SendData
 .text.SPI_I2S_GetFlagStatus
                0x08003000       0x38 ..\obj\stm32f10x_spi.o
                0x08003000                SPI_I2S_GetFlagStatus
 .text.I2C_Init
                0x08003038      0x184 ..\obj\stm32f10x_i2c.o
                0x08003038                I2C_Init
 .text.I2C_StructInit
                0x080031bc       0x3c ..\obj\stm32f10x_i2c.o
                0x080031bc                I2C_StructInit
 .text.I2C_Cmd  0x080031f8       0x40 ..\obj\stm32f10x_i2c.o
                0x080031f8                I2C_Cmd
 .text.I2C_GenerateSTART
                0x08003238       0x40 ..\obj\stm32f10x_i2c.o
                0x08003238                I2C_GenerateSTART
 .text.I2C_GenerateSTOP
                0x08003278       0x40 ..\obj\stm32f10x_i2c.o
                0x08003278                I2C_GenerateSTOP
 .text.I2C_SendData
                0x080032b8       0x20 ..\obj\stm32f10x_i2c.o
                0x080032b8                I2C_SendData
 .text.I2C_Send7bitAddress
                0x080032d8       0x3c ..\obj\stm32f10x_i2c.o
                0x080032d8                I2C_Send7bitAddress
 .text.I2C_CheckEvent
                0x08003314       0x60 ..\obj\stm32f10x_i2c.o
                0x08003314                I2C_CheckEvent
 .text.I2C_GetFlagStatus
                0x08003374       0x64 ..\obj\stm32f10x_i2c.o
                0x08003374                I2C_GetFlagStatus
 .text.UserToPMABufferCopy
                0x080033d8       0x74 ..\obj\usb_mem.o
                0x080033d8                UserToPMABufferCopy
 .text.PMAToUserBufferCopy
                0x0800344c       0x5c ..\obj\usb_mem.o
                0x0800344c                PMAToUserBufferCopy
 .text.USB_HP_CAN1_TX_IRQHandler
                0x080034a8        0xc ..\obj\usb_istr.o
                0x080034a8                USB_HP_CAN1_TX_IRQHandler
 .text.USB_LP_CAN1_RX0_IRQHandler
                0x080034b4       0x5c ..\obj\usb_istr.o
                0x080034b4                USB_LP_CAN1_RX0_IRQHandler
 .text.__itoa   0x08003510       0x30 c:/program files (x86)/gnu tools arm embedded/5.4 2016q3/bin/../lib/gcc/arm-none-eabi/5.4.1/../../../../arm-none-eabi/lib/armv7-m\libg.a(lib_a-itoa.o)
                0x08003510                __itoa
 .text.itoa     0x08003540        0x4 c:/program files (x86)/gnu tools arm embedded/5.4 2016q3/bin/../lib/gcc/arm-none-eabi/5.4.1/../../../../arm-none-eabi/lib/armv7-m\libg.a(lib_a-itoa.o)
                0x08003540                itoa
 .text.__utoa   0x08003544       0x80 c:/program files (x86)/gnu tools arm embedded/5.4 2016q3/bin/../lib/gcc/arm-none-eabi/5.4.1/../../../../arm-none-eabi/lib/armv7-m\libg.a(lib_a-utoa.o)
                0x08003544                __utoa
 *(.init)
 *(.fini)
 *crtbegin.o(.ctors)
 *crtbegin?.o(.ctors)
 *(EXCLUDE_FILE(*crtend.o *crtend?.o) .ctors)
 *(SORT(.ctors.*))
 *(.ctors)
 *crtbegin.o(.dtors)
 *crtbegin?.o(.dtors)
 *(EXCLUDE_FILE(*crtend.o *crtend?.o) .dtors)
 *(SORT(.dtors.*))
 *(.dtors)
 *(.rodata*)
 .rodata        0x080035c4        0xe ..\obj\nrf24l01.o
 *fill*         0x080035d2        0x2 
 .rodata        0x080035d4       0x5c ..\obj\usb_desc.o
                0x080035d4                USB_DeviceDescriptor
                0x080035e8                USB_ConfigDescriptor
                0x08003608                USB_StringLangID
                0x0800360c                USB_StringVendor
                0x08003620                USB_StringProduct
 .rodata        0x08003630      0x460 ..\obj\lcd.o
                0x08003630                FontLookup
 .rodata.str1.4
                0x08003a90       0x28 c:/program files (x86)/gnu tools arm embedded/5.4 2016q3/bin/../lib/gcc/arm-none-eabi/5.4.1/../../../../arm-none-eabi/lib/armv7-m\libg.a(lib_a-utoa.o)
                                 0x25 (size before relaxing)
 *(.eh_fram e*)

.glue_7         0x08003ab8        0x0
 .glue_7        0x08003ab8        0x0 linker stubs

.glue_7t        0x08003ab8        0x0
 .glue_7t       0x08003ab8        0x0 linker stubs

.vfp11_veneer   0x08003ab8        0x0
 .vfp11_veneer  0x08003ab8        0x0 linker stubs

.v4_bx          0x08003ab8        0x0
 .v4_bx         0x08003ab8        0x0 linker stubs

.iplt           0x08003ab8        0x0
 .iplt          0x08003ab8        0x0 ..\obj\usb_core.o

.rel.dyn        0x08003ab8        0x0
 .rel.iplt      0x08003ab8        0x0 ..\obj\usb_core.o

.ARM.extab
 *(.ARM.extab* .gnu.linkonce.armextab.*)
                0x08003ab8                __exidx_start = .

.ARM.exidx
 *(.ARM.exidx* .gnu.linkonce.armexidx.*)
                0x08003ab8                __exidx_end = .
                0x08003ab8                __etext = .
                0x08003ab8                _sidata = __etext

.data           0x20000000       0xf8 load address 0x08003ab8
                0x20000000                __data_start__ = .
                0x20000000                _sdata = __data_start__
 *(vtable)
 *(.data*)
 .data          0x20000000       0x14 ..\obj\system_stm32f10x.o
                0x20000000                SystemCoreClock
                0x20000004                AHBPrescTable
 .data          0x20000014       0x40 ..\obj\usb_desc.o
                0x20000014                USB_StringSerial
                0x20000024                Device_Descriptor
                0x2000002c                Config_Descriptor
                0x20000034                String_Descriptor
 .data          0x20000054       0x58 ..\obj\usb_prop.o
                0x20000054                Device_Table
                0x20000058                Device_Property
                0x20000088                User_Standard_Requests
 .data          0x200000ac       0x14 ..\obj\stm32f10x_rcc.o
 .data          0x200000c0       0x38 ..\obj\usb_istr.o
                0x200000c0                pEpInt_IN
                0x200000dc                pEpInt_OUT
                0x200000f8                . = ALIGN (0x4)
                [!provide]                PROVIDE (__preinit_array_start, .)
 *(.preinit_array)
                [!provide]                PROVIDE (__preinit_array_end, .)
                0x200000f8                . = ALIGN (0x4)
                [!provide]                PROVIDE (__init_array_start, .)
 *(SORT(.init_array.*))
 *(.init_array)
                [!provide]                PROVIDE (__init_array_end, .)
                0x200000f8                . = ALIGN (0x4)
                [!provide]                PROVIDE (__fini_array_start, .)
 *(SORT(.fini_array.*))
 *(.fini_array)
                [!provide]                PROVIDE (__fini_array_end, .)
 *(.jcr*)
                0x200000f8                . = ALIGN (0x4)
                0x200000f8                __data_end__ = .
                0x200000f8                _edata = __data_end__

.igot.plt       0x200000f8        0x0 load address 0x08003bb0
 .igot.plt      0x200000f8        0x0 ..\obj\usb_core.o

.bss            0x200000f8       0xe0 load address 0x08003bb0
                0x200000f8                . = ALIGN (0x4)
                0x200000f8                __bss_start__ = .
                0x200000f8                _sbss = __bss_start__
 *(.bss*)
 .bss           0x200000f8        0x1 ..\obj\usb_core.o
                0x200000f8                Data_Mul_MaxPacketSize
 *fill*         0x200000f9        0x1 
 .bss           0x200000fa        0x4 ..\obj\usb_endp.o
 *(COMMON)
 *fill*         0x200000fe        0x2 
 COMMON         0x20000100        0x2 ..\obj\usb_core.o
                0x20000100                StatusInfo
 COMMON         0x20000102        0x1 ..\obj\my_inits.o
                0x20000102                HSEStartUpStatus
 *fill*         0x20000103        0x1 
 COMMON         0x20000104        0x4 ..\obj\usb_int.o
                0x20000104                SaveRState
                0x20000106                SaveTState
 COMMON         0x20000108        0xa ..\obj\usb_prop.o
                0x20000108                chipcmd
 *fill*         0x20000112        0x2 
 COMMON         0x20000114       0x32 ..\obj\usb_init.o
                0x20000114                SaveState
                0x20000118                pProperty
                0x2000011c                EPindex
                0x20000120                Device_Info
                0x2000013c                pUser_Standard_Requests
                0x20000140                pInformation
                0x20000144                wInterrupt_Mask
 *fill*         0x20000146        0x2 
 COMMON         0x20000148       0x8b ..\obj\usb_endp.o
                0x20000148                buffer_rx
                0x20000188                buffer_tx
                0x200001c8                bfd
 *fill*         0x200001d3        0x1 
 COMMON         0x200001d4        0x2 ..\obj\usb_istr.o
                0x200001d4                wIstr
                0x200001d8                . = ALIGN (0x4)
 *fill*         0x200001d6        0x2 
                0x200001d8                __bss_end__ = .
                0x200001d8                _ebss = __bss_end__

.heap           0x200001d8        0x0
                0x200001d8                __end__ = .
                0x200001d8                _end = __end__
                0x200001d8                end = __end__
 *(.heap*)
                0x200001d8                __HeapLimit = .

.co_stack       0x200001d8      0x400 load address 0x08003c90
                0x200001d8                . = ALIGN (0x8)
 *(.co_stack .co_stack.*)
 .co_stack      0x200001d8      0x400 ..\obj\startup_stm32f10x_hd.o
                0x200001d8                pulStack
                0x2000c000                __StackTop = (ORIGIN (ram) + LENGTH (ram))
                0x2000bc00                __StackLimit = (__StackTop - SIZEOF (.co_stack))
                [!provide]                PROVIDE (__stack, __StackTop)
                0x00000001                ASSERT ((__StackLimit >= __HeapLimit), region ram  overflowed with stack)
LOAD ..\obj\usb_core.o
LOAD ..\obj\my_inits.o
LOAD ..\obj\nrf24l01.o
LOAD ..\obj\usb_int.o
LOAD ..\obj\system_stm32f10x.o
LOAD ..\obj\startup_stm32f10x_hd.o
LOAD ..\obj\usb_desc.o
LOAD ..\obj\usb_regs.o
LOAD ..\obj\hw_config.o
LOAD ..\obj\stm32f10x_gpio.o
LOAD ..\obj\usb_prop.o
LOAD ..\obj\usb_init.o
LOAD ..\obj\main.o
LOAD ..\obj\stm32f10x_rcc.o
LOAD ..\obj\usb_sil.o
LOAD ..\obj\stm32f10x_flash.o
LOAD ..\obj\usb_endp.o
LOAD ..\obj\lcd.o
LOAD ..\obj\misc.o
LOAD ..\obj\stm32f10x_spi.o
LOAD ..\obj\stm32f10x_i2c.o
LOAD ..\obj\usb_mem.o
LOAD ..\obj\usb_istr.o
START GROUP
LOAD c:/program files (x86)/gnu tools arm embedded/5.4 2016q3/bin/../lib/gcc/arm-none-eabi/5.4.1/armv7-m\libgcc.a
LOAD c:/program files (x86)/gnu tools arm embedded/5.4 2016q3/bin/../lib/gcc/arm-none-eabi/5.4.1/../../../../arm-none-eabi/lib/armv7-m\libg.a
LOAD c:/program files (x86)/gnu tools arm embedded/5.4 2016q3/bin/../lib/gcc/arm-none-eabi/5.4.1/../../../../arm-none-eabi/lib/armv7-m\libc.a
END GROUP
OUTPUT(stm32usb.elf elf32-littlearm)

.debug_info     0x00000000     0x7a5d
 .debug_info    0x00000000      0xb7e ..\obj\usb_core.o
 .debug_info    0x00000b7e      0x5a3 ..\obj\my_inits.o
 .debug_info    0x00001121      0x44d ..\obj\nrf24l01.o
 .debug_info    0x0000156e      0x1f3 ..\obj\usb_int.o
 .debug_info    0x00001761      0x49c ..\obj\system_stm32f10x.o
 .debug_info    0x00001bfd       0xee ..\obj\startup_stm32f10x_hd.o
 .debug_info    0x00001ceb      0x207 ..\obj\usb_desc.o
 .debug_info    0x00001ef2      0xc87 ..\obj\usb_regs.o
 .debug_info    0x00002b79      0x2f9 ..\obj\hw_config.o
 .debug_info    0x00002e72      0x6f6 ..\obj\stm32f10x_gpio.o
 .debug_info    0x00003568      0x71d ..\obj\usb_prop.o
 .debug_info    0x00003c85      0x454 ..\obj\usb_init.o
 .debug_info    0x000040d9      0x14d ..\obj\main.o
 .debug_info    0x00004226      0x8a3 ..\obj\stm32f10x_rcc.o
 .debug_info    0x00004ac9      0x186 ..\obj\usb_sil.o
 .debug_info    0x00004c4f      0x7bd ..\obj\stm32f10x_flash.o
 .debug_info    0x0000540c      0x242 ..\obj\usb_endp.o
 .debug_info    0x0000564e      0x659 ..\obj\lcd.o
 .debug_info    0x00005ca7      0x556 ..\obj\misc.o
 .debug_info    0x000061fd      0x8fb ..\obj\stm32f10x_spi.o
 .debug_info    0x00006af8      0xb0c ..\obj\stm32f10x_i2c.o
 .debug_info    0x00007604      0x1d2 ..\obj\usb_mem.o
 .debug_info    0x000077d6      0x287 ..\obj\usb_istr.o

.debug_abbrev   0x00000000     0x1ca8
 .debug_abbrev  0x00000000      0x28d ..\obj\usb_core.o
 .debug_abbrev  0x0000028d      0x123 ..\obj\my_inits.o
 .debug_abbrev  0x000003b0      0x162 ..\obj\nrf24l01.o
 .debug_abbrev  0x00000512       0xce ..\obj\usb_int.o
 .debug_abbrev  0x000005e0      0x14e ..\obj\system_stm32f10x.o
 .debug_abbrev  0x0000072e       0xa7 ..\obj\startup_stm32f10x_hd.o
 .debug_abbrev  0x000007d5       0x9a ..\obj\usb_desc.o
 .debug_abbrev  0x0000086f      0x176 ..\obj\usb_regs.o
 .debug_abbrev  0x000009e5       0xd1 ..\obj\hw_config.o
 .debug_abbrev  0x00000ab6      0x1cc ..\obj\stm32f10x_gpio.o
 .debug_abbrev  0x00000c82      0x1e1 ..\obj\usb_prop.o
 .debug_abbrev  0x00000e63      0x120 ..\obj\usb_init.o
 .debug_abbrev  0x00000f83       0x9f ..\obj\main.o
 .debug_abbrev  0x00001022      0x1bc ..\obj\stm32f10x_rcc.o
 .debug_abbrev  0x000011de       0xbb ..\obj\usb_sil.o
 .debug_abbrev  0x00001299      0x18f ..\obj\stm32f10x_flash.o
 .debug_abbrev  0x00001428      0x118 ..\obj\usb_endp.o
 .debug_abbrev  0x00001540      0x1a4 ..\obj\lcd.o
 .debug_abbrev  0x000016e4      0x147 ..\obj\misc.o
 .debug_abbrev  0x0000182b      0x180 ..\obj\stm32f10x_spi.o
 .debug_abbrev  0x000019ab      0x166 ..\obj\stm32f10x_i2c.o
 .debug_abbrev  0x00001b11       0x9d ..\obj\usb_mem.o
 .debug_abbrev  0x00001bae       0xfa ..\obj\usb_istr.o

.debug_aranges  0x00000000      0xad8
 .debug_aranges
                0x00000000       0xb0 ..\obj\usb_core.o
 .debug_aranges
                0x000000b0       0x30 ..\obj\my_inits.o
 .debug_aranges
                0x000000e0       0x78 ..\obj\nrf24l01.o
 .debug_aranges
                0x00000158       0x28 ..\obj\usb_int.o
 .debug_aranges
                0x00000180       0x38 ..\obj\system_stm32f10x.o
 .debug_aranges
                0x000001b8       0x28 ..\obj\startup_stm32f10x_hd.o
 .debug_aranges
                0x000001e0       0x18 ..\obj\usb_desc.o
 .debug_aranges
                0x000001f8      0x1f0 ..\obj\usb_regs.o
 .debug_aranges
                0x000003e8       0x20 ..\obj\hw_config.o
 .debug_aranges
                0x00000408       0xa8 ..\obj\stm32f10x_gpio.o
 .debug_aranges
                0x000004b0       0x60 ..\obj\usb_prop.o
 .debug_aranges
                0x00000510       0x20 ..\obj\usb_init.o
 .debug_aranges
                0x00000530       0x20 ..\obj\main.o
 .debug_aranges
                0x00000550      0x118 ..\obj\stm32f10x_rcc.o
 .debug_aranges
                0x00000668       0x30 ..\obj\usb_sil.o
 .debug_aranges
                0x00000698       0xf8 ..\obj\stm32f10x_flash.o
 .debug_aranges
                0x00000790       0x38 ..\obj\usb_endp.o
 .debug_aranges
                0x000007c8       0x90 ..\obj\lcd.o
 .debug_aranges
                0x00000858       0x40 ..\obj\misc.o
 .debug_aranges
                0x00000898       0xd0 ..\obj\stm32f10x_spi.o
 .debug_aranges
                0x00000968      0x120 ..\obj\stm32f10x_i2c.o
 .debug_aranges
                0x00000a88       0x28 ..\obj\usb_mem.o
 .debug_aranges
                0x00000ab0       0x28 ..\obj\usb_istr.o

.debug_ranges   0x00000000      0xa38
 .debug_ranges  0x00000000       0xa0 ..\obj\usb_core.o
 .debug_ranges  0x000000a0       0x20 ..\obj\my_inits.o
 .debug_ranges  0x000000c0       0x68 ..\obj\nrf24l01.o
 .debug_ranges  0x00000128       0x18 ..\obj\usb_int.o
 .debug_ranges  0x00000140       0x28 ..\obj\system_stm32f10x.o
 .debug_ranges  0x00000168       0x18 ..\obj\startup_stm32f10x_hd.o
 .debug_ranges  0x00000180      0x2b8 ..\obj\usb_regs.o
 .debug_ranges  0x00000438       0x10 ..\obj\hw_config.o
 .debug_ranges  0x00000448       0x98 ..\obj\stm32f10x_gpio.o
 .debug_ranges  0x000004e0       0x50 ..\obj\usb_prop.o
 .debug_ranges  0x00000530       0x10 ..\obj\usb_init.o
 .debug_ranges  0x00000540       0x10 ..\obj\main.o
 .debug_ranges  0x00000550      0x108 ..\obj\stm32f10x_rcc.o
 .debug_ranges  0x00000658       0x20 ..\obj\usb_sil.o
 .debug_ranges  0x00000678       0xe8 ..\obj\stm32f10x_flash.o
 .debug_ranges  0x00000760       0x28 ..\obj\usb_endp.o
 .debug_ranges  0x00000788       0x80 ..\obj\lcd.o
 .debug_ranges  0x00000808       0x30 ..\obj\misc.o
 .debug_ranges  0x00000838       0xc0 ..\obj\stm32f10x_spi.o
 .debug_ranges  0x000008f8      0x110 ..\obj\stm32f10x_i2c.o
 .debug_ranges  0x00000a08       0x18 ..\obj\usb_mem.o
 .debug_ranges  0x00000a20       0x18 ..\obj\usb_istr.o

.debug_line     0x00000000     0x458c
 .debug_line    0x00000000      0x4ff ..\obj\usb_core.o
 .debug_line    0x000004ff      0x296 ..\obj\my_inits.o
 .debug_line    0x00000795      0x2fd ..\obj\nrf24l01.o
 .debug_line    0x00000a92      0x29d ..\obj\usb_int.o
 .debug_line    0x00000d2f      0x224 ..\obj\system_stm32f10x.o
 .debug_line    0x00000f53       0xa2 ..\obj\startup_stm32f10x_hd.o
 .debug_line    0x00000ff5      0x1a3 ..\obj\usb_desc.o
 .debug_line    0x00001198      0x76b ..\obj\usb_regs.o
 .debug_line    0x00001903      0x1f5 ..\obj\hw_config.o
 .debug_line    0x00001af8      0x3d4 ..\obj\stm32f10x_gpio.o
 .debug_line    0x00001ecc      0x30b ..\obj\usb_prop.o
 .debug_line    0x000021d7      0x1bb ..\obj\usb_init.o
 .debug_line    0x00002392      0x1aa ..\obj\main.o
 .debug_line    0x0000253c      0x4cf ..\obj\stm32f10x_rcc.o
 .debug_line    0x00002a0b      0x1e1 ..\obj\usb_sil.o
 .debug_line    0x00002bec      0x4d0 ..\obj\stm32f10x_flash.o
 .debug_line    0x000030bc      0x1fa ..\obj\usb_endp.o
 .debug_line    0x000032b6      0x3d0 ..\obj\lcd.o
 .debug_line    0x00003686      0x247 ..\obj\misc.o
 .debug_line    0x000038cd      0x431 ..\obj\stm32f10x_spi.o
 .debug_line    0x00003cfe      0x4e9 ..\obj\stm32f10x_i2c.o
 .debug_line    0x000041e7      0x1cd ..\obj\usb_mem.o
 .debug_line    0x000043b4      0x1d8 ..\obj\usb_istr.o

.debug_str      0x00000000     0x3061
 .debug_str     0x00000000      0x8dc ..\obj\usb_core.o
                                0xa64 (size before relaxing)
 .debug_str     0x000008dc      0x35d ..\obj\my_inits.o
                                0x4e7 (size before relaxing)
 .debug_str     0x00000c39      0x10c ..\obj\nrf24l01.o
                                0x31d (size before relaxing)
 .debug_str     0x00000d45       0x76 ..\obj\usb_int.o
                                0x1f7 (size before relaxing)
 .debug_str     0x00000dbb      0x15d ..\obj\system_stm32f10x.o
                                0x2f7 (size before relaxing)
 .debug_str     0x00000f18       0xb0 ..\obj\startup_stm32f10x_hd.o
                                0x147 (size before relaxing)
 .debug_str     0x00000fc8       0xe2 ..\obj\usb_desc.o
                                0x268 (size before relaxing)
 .debug_str     0x000010aa      0x402 ..\obj\usb_regs.o
                                0x580 (size before relaxing)
 .debug_str     0x000014ac      0x491 ..\obj\hw_config.o
                                0x5f3 (size before relaxing)
 .debug_str     0x0000193d      0x279 ..\obj\stm32f10x_gpio.o
                                0x521 (size before relaxing)
 .debug_str     0x00001bb6      0x13f ..\obj\usb_prop.o
                                0x70c (size before relaxing)
 .debug_str     0x00001cf5       0x62 ..\obj\usb_init.o
                                0x538 (size before relaxing)
 .debug_str     0x00001d57       0x31 ..\obj\main.o
                                0x198 (size before relaxing)
 .debug_str     0x00001d88      0x3ce ..\obj\stm32f10x_rcc.o
                                0x622 (size before relaxing)
 .debug_str     0x00002156       0x94 ..\obj\usb_sil.o
                                0x206 (size before relaxing)
 .debug_str     0x000021ea      0x407 ..\obj\stm32f10x_flash.o
                                0x5f0 (size before relaxing)
 .debug_str     0x000025f1       0xdb ..\obj\usb_endp.o
                                0x259 (size before relaxing)
 .debug_str     0x000026cc      0x11e ..\obj\lcd.o
                                0x399 (size before relaxing)
 .debug_str     0x000027ea      0x152 ..\obj\misc.o
                                0x3c6 (size before relaxing)
 .debug_str     0x0000293c      0x2d2 ..\obj\stm32f10x_spi.o
                                0x605 (size before relaxing)
 .debug_str     0x00002c0e      0x33f ..\obj\stm32f10x_i2c.o
                                0x66e (size before relaxing)
 .debug_str     0x00002f4d       0x96 ..\obj\usb_mem.o
                                0x1f8 (size before relaxing)
 .debug_str     0x00002fe3       0x7e ..\obj\usb_istr.o
                                0x327 (size before relaxing)

.comment        0x00000000       0x6e
 .comment       0x00000000       0x6e ..\obj\usb_core.o
                                 0x6f (size before relaxing)
 .comment       0x0000006e       0x6f ..\obj\my_inits.o
 .comment       0x0000006e       0x6f ..\obj\nrf24l01.o
 .comment       0x0000006e       0x6f ..\obj\usb_int.o
 .comment       0x0000006e       0x6f ..\obj\system_stm32f10x.o
 .comment       0x0000006e       0x6f ..\obj\startup_stm32f10x_hd.o
 .comment       0x0000006e       0x6f ..\obj\usb_desc.o
 .comment       0x0000006e       0x6f ..\obj\usb_regs.o
 .comment       0x0000006e       0x6f ..\obj\hw_config.o
 .comment       0x0000006e       0x6f ..\obj\stm32f10x_gpio.o
 .comment       0x0000006e       0x6f ..\obj\usb_prop.o
 .comment       0x0000006e       0x6f ..\obj\usb_init.o
 .comment       0x0000006e       0x6f ..\obj\main.o
 .comment       0x0000006e       0x6f ..\obj\stm32f10x_rcc.o
 .comment       0x0000006e       0x6f ..\obj\usb_sil.o
 .comment       0x0000006e       0x6f ..\obj\stm32f10x_flash.o
 .comment       0x0000006e       0x6f ..\obj\usb_endp.o
 .comment       0x0000006e       0x6f ..\obj\lcd.o
 .comment       0x0000006e       0x6f ..\obj\misc.o
 .comment       0x0000006e       0x6f ..\obj\stm32f10x_spi.o
 .comment       0x0000006e       0x6f ..\obj\stm32f10x_i2c.o
 .comment       0x0000006e       0x6f ..\obj\usb_mem.o
 .comment       0x0000006e       0x6f ..\obj\usb_istr.o

.ARM.attributes
                0x00000000       0x33
 .ARM.attributes
                0x00000000       0x33 ..\obj\usb_core.o
 .ARM.attributes
                0x00000033       0x33 ..\obj\my_inits.o
 .ARM.attributes
                0x00000066       0x33 ..\obj\nrf24l01.o
 .ARM.attributes
                0x00000099       0x33 ..\obj\usb_int.o
 .ARM.attributes
                0x000000cc       0x33 ..\obj\system_stm32f10x.o
 .ARM.attributes
                0x000000ff       0x33 ..\obj\startup_stm32f10x_hd.o
 .ARM.attributes
                0x00000132       0x33 ..\obj\usb_desc.o
 .ARM.attributes
                0x00000165       0x33 ..\obj\usb_regs.o
 .ARM.attributes
                0x00000198       0x33 ..\obj\hw_config.o
 .ARM.attributes
                0x000001cb       0x33 ..\obj\stm32f10x_gpio.o
 .ARM.attributes
                0x000001fe       0x33 ..\obj\usb_prop.o
 .ARM.attributes
                0x00000231       0x33 ..\obj\usb_init.o
 .ARM.attributes
                0x00000264       0x33 ..\obj\main.o
 .ARM.attributes
                0x00000297       0x33 ..\obj\stm32f10x_rcc.o
 .ARM.attributes
                0x000002ca       0x33 ..\obj\usb_sil.o
 .ARM.attributes
                0x000002fd       0x33 ..\obj\stm32f10x_flash.o
 .ARM.attributes
                0x00000330       0x33 ..\obj\usb_endp.o
 .ARM.attributes
                0x00000363       0x33 ..\obj\lcd.o
 .ARM.attributes
                0x00000396       0x33 ..\obj\misc.o
 .ARM.attributes
                0x000003c9       0x33 ..\obj\stm32f10x_spi.o
 .ARM.attributes
                0x000003fc       0x33 ..\obj\stm32f10x_i2c.o
 .ARM.attributes
                0x0000042f       0x33 ..\obj\usb_mem.o
 .ARM.attributes
                0x00000462       0x33 ..\obj\usb_istr.o
 .ARM.attributes
                0x00000495       0x2d c:/program files (x86)/gnu tools arm embedded/5.4 2016q3/bin/../lib/gcc/arm-none-eabi/5.4.1/../../../../arm-none-eabi/lib/armv7-m\libg.a(lib_a-itoa.o)
 .ARM.attributes
                0x000004c2       0x2d c:/program files (x86)/gnu tools arm embedded/5.4 2016q3/bin/../lib/gcc/arm-none-eabi/5.4.1/../../../../arm-none-eabi/lib/armv7-m\libg.a(lib_a-utoa.o)

.debug_frame    0x00000000     0x2acc
 .debug_frame   0x00000000      0x2b8 ..\obj\usb_core.o
 .debug_frame   0x000002b8       0x6c ..\obj\my_inits.o
 .debug_frame   0x00000324      0x1a0 ..\obj\nrf24l01.o
 .debug_frame   0x000004c4       0x5c ..\obj\usb_int.o
 .debug_frame   0x00000520       0x98 ..\obj\system_stm32f10x.o
 .debug_frame   0x000005b8       0x4c ..\obj\startup_stm32f10x_hd.o
 .debug_frame   0x00000604      0x91c ..\obj\usb_regs.o
 .debug_frame   0x00000f20       0x34 ..\obj\hw_config.o
 .debug_frame   0x00000f54      0x2d0 ..\obj\stm32f10x_gpio.o
 .debug_frame   0x00001224      0x158 ..\obj\usb_prop.o
 .debug_frame   0x0000137c       0x2c ..\obj\usb_init.o
 .debug_frame   0x000013a8       0x2c ..\obj\main.o
 .debug_frame   0x000013d4      0x4f4 ..\obj\stm32f10x_rcc.o
 .debug_frame   0x000018c8       0x78 ..\obj\usb_sil.o
 .debug_frame   0x00001940      0x410 ..\obj\stm32f10x_flash.o
 .debug_frame   0x00001d50       0x90 ..\obj\usb_endp.o
 .debug_frame   0x00001de0      0x214 ..\obj\lcd.o
 .debug_frame   0x00001ff4       0xd8 ..\obj\misc.o
 .debug_frame   0x000020cc      0x3a0 ..\obj\stm32f10x_spi.o
 .debug_frame   0x0000246c      0x530 ..\obj\stm32f10x_i2c.o
 .debug_frame   0x0000299c       0x60 ..\obj\usb_mem.o
 .debug_frame   0x000029fc       0x48 ..\obj\usb_istr.o
 .debug_frame   0x00002a44       0x3c c:/program files (x86)/gnu tools arm embedded/5.4 2016q3/bin/../lib/gcc/arm-none-eabi/5.4.1/../../../../arm-none-eabi/lib/armv7-m\libg.a(lib_a-itoa.o)
 .debug_frame   0x00002a80       0x4c c:/program files (x86)/gnu tools arm embedded/5.4 2016q3/bin/../lib/gcc/arm-none-eabi/5.4.1/../../../../arm-none-eabi/lib/armv7-m\libg.a(lib_a-utoa.o)
